Jun 13 21:51:21 namenode rsyslogd: [origin software="rsyslogd" swVersion="7.4.4" x-pid="477" x-info="http://www.rsyslog.com"] start
Jun 13 21:51:21 namenode rsyslogd: rsyslogd's groupid changed to 104
Jun 13 21:51:21 namenode rsyslogd: rsyslogd's userid changed to 101
Jun 13 21:51:21 namenode kernel: [    0.000000] Initializing cgroup subsys cpuset
Jun 13 21:51:21 namenode kernel: [    0.000000] Initializing cgroup subsys cpu
Jun 13 21:51:21 namenode kernel: [    0.000000] Initializing cgroup subsys cpuacct
Jun 13 21:51:21 namenode kernel: [    0.000000] Linux version 3.19.0-25-generic (buildd@lgw01-20) (gcc version 4.8.2 (Ubuntu 4.8.2-19ubuntu1) ) #26~14.04.1-Ubuntu SMP Fri Jul 24 21:16:20 UTC 2015 (Ubuntu 3.19.0-25.26~14.04.1-generic 3.19.8-ckt2)
Jun 13 21:51:21 namenode kernel: [    0.000000] Command line: BOOT_IMAGE=/vmlinuz-3.19.0-25-generic root=/dev/mapper/namenode--vg-root ro
Jun 13 21:51:21 namenode kernel: [    0.000000] KERNEL supported cpus:
Jun 13 21:51:21 namenode kernel: [    0.000000]   Intel GenuineIntel
Jun 13 21:51:21 namenode kernel: [    0.000000]   AMD AuthenticAMD
Jun 13 21:51:21 namenode kernel: [    0.000000]   Centaur CentaurHauls
Jun 13 21:51:21 namenode kernel: [    0.000000] Disabled fast string operations
Jun 13 21:51:21 namenode kernel: [    0.000000] e820: BIOS-provided physical RAM map:
Jun 13 21:51:21 namenode kernel: [    0.000000] BIOS-e820: [mem 0x0000000000000000-0x000000000009ebff] usable
Jun 13 21:51:21 namenode kernel: [    0.000000] BIOS-e820: [mem 0x000000000009ec00-0x000000000009ffff] reserved
Jun 13 21:51:21 namenode kernel: [    0.000000] BIOS-e820: [mem 0x00000000000ca000-0x00000000000cbfff] reserved
Jun 13 21:51:21 namenode kernel: [    0.000000] BIOS-e820: [mem 0x00000000000dc000-0x00000000000fffff] reserved
Jun 13 21:51:21 namenode kernel: [    0.000000] BIOS-e820: [mem 0x0000000000100000-0x000000003fedffff] usable
Jun 13 21:51:21 namenode kernel: [    0.000000] BIOS-e820: [mem 0x000000003fee0000-0x000000003fefefff] ACPI data
Jun 13 21:51:21 namenode kernel: [    0.000000] BIOS-e820: [mem 0x000000003feff000-0x000000003fefffff] ACPI NVS
Jun 13 21:51:21 namenode kernel: [    0.000000] BIOS-e820: [mem 0x000000003ff00000-0x000000003fffffff] usable
Jun 13 21:51:21 namenode kernel: [    0.000000] BIOS-e820: [mem 0x00000000f0000000-0x00000000f7ffffff] reserved
Jun 13 21:51:21 namenode kernel: [    0.000000] BIOS-e820: [mem 0x00000000fec00000-0x00000000fec0ffff] reserved
Jun 13 21:51:21 namenode kernel: [    0.000000] BIOS-e820: [mem 0x00000000fee00000-0x00000000fee00fff] reserved
Jun 13 21:51:21 namenode kernel: [    0.000000] BIOS-e820: [mem 0x00000000fffe0000-0x00000000ffffffff] reserved
Jun 13 21:51:21 namenode kernel: [    0.000000] NX (Execute Disable) protection: active
Jun 13 21:51:21 namenode kernel: [    0.000000] SMBIOS 2.4 present.
Jun 13 21:51:21 namenode kernel: [    0.000000] DMI: VMware, Inc. VMware Virtual Platform/440BX Desktop Reference Platform, BIOS 6.00 07/31/2013
Jun 13 21:51:21 namenode kernel: [    0.000000] Hypervisor detected: VMware
Jun 13 21:51:21 namenode kernel: [    0.000000] e820: update [mem 0x00000000-0x00000fff] usable ==> reserved
Jun 13 21:51:21 namenode kernel: [    0.000000] e820: remove [mem 0x000a0000-0x000fffff] usable
Jun 13 21:51:21 namenode kernel: [    0.000000] AGP: No AGP bridge found
Jun 13 21:51:21 namenode kernel: [    0.000000] e820: last_pfn = 0x40000 max_arch_pfn = 0x400000000
Jun 13 21:51:21 namenode kernel: [    0.000000] MTRR default type: uncachable
Jun 13 21:51:21 namenode kernel: [    0.000000] MTRR fixed ranges enabled:
Jun 13 21:51:21 namenode kernel: [    0.000000]   00000-9FFFF write-back
Jun 13 21:51:21 namenode kernel: [    0.000000]   A0000-BFFFF uncachable
Jun 13 21:51:21 namenode kernel: [    0.000000]   C0000-CFFFF write-protect
Jun 13 21:51:21 namenode kernel: [    0.000000]   D0000-EFFFF uncachable
Jun 13 21:51:21 namenode kernel: [    0.000000]   F0000-FFFFF write-protect
Jun 13 21:51:21 namenode kernel: [    0.000000] MTRR variable ranges enabled:
Jun 13 21:51:21 namenode kernel: [    0.000000]   0 base 0000000000 mask FFC0000000 write-back
Jun 13 21:51:21 namenode kernel: [    0.000000]   1 disabled
Jun 13 21:51:21 namenode kernel: [    0.000000]   2 disabled
Jun 13 21:51:21 namenode kernel: [    0.000000]   3 disabled
Jun 13 21:51:21 namenode kernel: [    0.000000]   4 disabled
Jun 13 21:51:21 namenode kernel: [    0.000000]   5 disabled
Jun 13 21:51:21 namenode kernel: [    0.000000]   6 disabled
Jun 13 21:51:21 namenode kernel: [    0.000000]   7 disabled
Jun 13 21:51:21 namenode kernel: [    0.000000] PAT read returns always zero, disabled.
Jun 13 21:51:21 namenode kernel: [    0.000000] found SMP MP-table at [mem 0x000f6bf0-0x000f6bff] mapped at [ffff8800000f6bf0]
Jun 13 21:51:21 namenode kernel: [    0.000000] Scanning 1 areas for low memory corruption
Jun 13 21:51:21 namenode kernel: [    0.000000] Base memory trampoline at [ffff880000098000] 98000 size 24576
Jun 13 21:51:21 namenode kernel: [    0.000000] init_memory_mapping: [mem 0x00000000-0x000fffff]
Jun 13 21:51:21 namenode kernel: [    0.000000]  [mem 0x00000000-0x000fffff] page 4k
Jun 13 21:51:21 namenode kernel: [    0.000000] BRK [0x01fd4000, 0x01fd4fff] PGTABLE
Jun 13 21:51:21 namenode kernel: [    0.000000] BRK [0x01fd5000, 0x01fd5fff] PGTABLE
Jun 13 21:51:21 namenode kernel: [    0.000000] BRK [0x01fd6000, 0x01fd6fff] PGTABLE
Jun 13 21:51:21 namenode kernel: [    0.000000] init_memory_mapping: [mem 0x3fc00000-0x3fdfffff]
Jun 13 21:51:21 namenode kernel: [    0.000000]  [mem 0x3fc00000-0x3fdfffff] page 2M
Jun 13 21:51:21 namenode kernel: [    0.000000] init_memory_mapping: [mem 0x20000000-0x3fbfffff]
Jun 13 21:51:21 namenode kernel: [    0.000000]  [mem 0x20000000-0x3fbfffff] page 2M
Jun 13 21:51:21 namenode kernel: [    0.000000] init_memory_mapping: [mem 0x00100000-0x1fffffff]
Jun 13 21:51:21 namenode kernel: [    0.000000]  [mem 0x00100000-0x001fffff] page 4k
Jun 13 21:51:21 namenode kernel: [    0.000000]  [mem 0x00200000-0x1fffffff] page 2M
Jun 13 21:51:21 namenode kernel: [    0.000000] init_memory_mapping: [mem 0x3fe00000-0x3fedffff]
Jun 13 21:51:21 namenode kernel: [    0.000000]  [mem 0x3fe00000-0x3fedffff] page 4k
Jun 13 21:51:21 namenode kernel: [    0.000000] BRK [0x01fd7000, 0x01fd7fff] PGTABLE
Jun 13 21:51:21 namenode kernel: [    0.000000] init_memory_mapping: [mem 0x3ff00000-0x3fffffff]
Jun 13 21:51:21 namenode kernel: [    0.000000]  [mem 0x3ff00000-0x3fffffff] page 4k
Jun 13 21:51:21 namenode kernel: [    0.000000] RAMDISK: [mem 0x3585a000-0x36c24fff]
Jun 13 21:51:21 namenode kernel: [    0.000000] ACPI: Early table checksum verification disabled
Jun 13 21:51:21 namenode kernel: [    0.000000] ACPI: RSDP 0x00000000000F6B80 000024 (v02 PTLTD )
Jun 13 21:51:21 namenode kernel: [    0.000000] ACPI: XSDT 0x000000003FEEDA33 00005C (v01 INTEL  440BX    06040000 VMW  01324272)
Jun 13 21:51:21 namenode kernel: [    0.000000] ACPI: FACP 0x000000003FEFEE73 0000F4 (v04 INTEL  440BX    06040000 PTL  000F4240)
Jun 13 21:51:21 namenode kernel: [    0.000000] ACPI: DSDT 0x000000003FEEE8EB 010588 (v01 PTLTD  Custom   06040000 MSFT 03000001)
Jun 13 21:51:21 namenode kernel: [    0.000000] ACPI: FACS 0x000000003FEFFFC0 000040
Jun 13 21:51:21 namenode kernel: [    0.000000] ACPI: BOOT 0x000000003FEEE8C3 000028 (v01 PTLTD  $SBFTBL$ 06040000  LTP 00000001)
Jun 13 21:51:21 namenode kernel: [    0.000000] ACPI: APIC 0x000000003FEEE501 0003C2 (v01 PTLTD  ? APIC   06040000  LTP 00000000)
Jun 13 21:51:21 namenode kernel: [    0.000000] ACPI: MCFG 0x000000003FEEE4C5 00003C (v01 PTLTD  $PCITBL$ 06040000  LTP 00000001)
Jun 13 21:51:21 namenode kernel: [    0.000000] ACPI: SRAT 0x000000003FEEDB2F 0004D0 (v02 VMWARE MEMPLUG  06040000 VMW  00000001)
Jun 13 21:51:21 namenode kernel: [    0.000000] ACPI: HPET 0x000000003FEEDAF7 000038 (v01 VMWARE VMW HPET 06040000 VMW  00000001)
Jun 13 21:51:21 namenode kernel: [    0.000000] ACPI: WAET 0x000000003FEEDACF 000028 (v01 VMWARE VMW WAET 06040000 VMW  00000001)
Jun 13 21:51:21 namenode kernel: [    0.000000] ACPI: Local APIC address 0xfee00000
Jun 13 21:51:21 namenode kernel: [    0.000000] system APIC only can use physical flat
Jun 13 21:51:21 namenode kernel: [    0.000000] Setting APIC routing to physical flat.
Jun 13 21:51:21 namenode kernel: [    0.000000] SRAT: PXM 0 -> APIC 0x00 -> Node 0
Jun 13 21:51:21 namenode kernel: [    0.000000] SRAT: PXM 0 -> APIC 0x02 -> Node 0
Jun 13 21:51:21 namenode kernel: [    0.000000] SRAT: PXM 0 -> APIC 0x04 -> Node 0
Jun 13 21:51:21 namenode kernel: [    0.000000] SRAT: PXM 0 -> APIC 0x06 -> Node 0
Jun 13 21:51:21 namenode kernel: [    0.000000] SRAT: PXM 0 -> APIC 0x08 -> Node 0
Jun 13 21:51:21 namenode kernel: [    0.000000] SRAT: PXM 0 -> APIC 0x0a -> Node 0
Jun 13 21:51:21 namenode kernel: [    0.000000] SRAT: PXM 0 -> APIC 0x0c -> Node 0
Jun 13 21:51:21 namenode kernel: [    0.000000] SRAT: PXM 0 -> APIC 0x0e -> Node 0
Jun 13 21:51:21 namenode kernel: [    0.000000] SRAT: PXM 0 -> APIC 0x10 -> Node 0
Jun 13 21:51:21 namenode kernel: [    0.000000] SRAT: PXM 0 -> APIC 0x12 -> Node 0
Jun 13 21:51:21 namenode kernel: [    0.000000] SRAT: PXM 0 -> APIC 0x14 -> Node 0
Jun 13 21:51:21 namenode kernel: [    0.000000] SRAT: PXM 0 -> APIC 0x16 -> Node 0
Jun 13 21:51:21 namenode kernel: [    0.000000] SRAT: PXM 0 -> APIC 0x18 -> Node 0
Jun 13 21:51:21 namenode kernel: [    0.000000] SRAT: PXM 0 -> APIC 0x1a -> Node 0
Jun 13 21:51:21 namenode kernel: [    0.000000] SRAT: PXM 0 -> APIC 0x1c -> Node 0
Jun 13 21:51:21 namenode kernel: [    0.000000] SRAT: PXM 0 -> APIC 0x1e -> Node 0
Jun 13 21:51:21 namenode kernel: [    0.000000] SRAT: PXM 0 -> APIC 0x20 -> Node 0
Jun 13 21:51:21 namenode kernel: [    0.000000] SRAT: PXM 0 -> APIC 0x22 -> Node 0
Jun 13 21:51:21 namenode kernel: [    0.000000] SRAT: PXM 0 -> APIC 0x24 -> Node 0
Jun 13 21:51:21 namenode kernel: [    0.000000] SRAT: PXM 0 -> APIC 0x26 -> Node 0
Jun 13 21:51:21 namenode kernel: [    0.000000] SRAT: PXM 0 -> APIC 0x28 -> Node 0
Jun 13 21:51:21 namenode kernel: [    0.000000] SRAT: PXM 0 -> APIC 0x2a -> Node 0
Jun 13 21:51:21 namenode kernel: [    0.000000] SRAT: PXM 0 -> APIC 0x2c -> Node 0
Jun 13 21:51:21 namenode kernel: [    0.000000] SRAT: PXM 0 -> APIC 0x2e -> Node 0
Jun 13 21:51:21 namenode kernel: [    0.000000] SRAT: PXM 0 -> APIC 0x30 -> Node 0
Jun 13 21:51:21 namenode kernel: [    0.000000] SRAT: PXM 0 -> APIC 0x32 -> Node 0
Jun 13 21:51:21 namenode kernel: [    0.000000] SRAT: PXM 0 -> APIC 0x34 -> Node 0
Jun 13 21:51:21 namenode kernel: [    0.000000] SRAT: PXM 0 -> APIC 0x36 -> Node 0
Jun 13 21:51:21 namenode kernel: [    0.000000] SRAT: PXM 0 -> APIC 0x38 -> Node 0
Jun 13 21:51:21 namenode kernel: [    0.000000] SRAT: PXM 0 -> APIC 0x3a -> Node 0
Jun 13 21:51:21 namenode kernel: [    0.000000] SRAT: PXM 0 -> APIC 0x3c -> Node 0
Jun 13 21:51:21 namenode kernel: [    0.000000] SRAT: PXM 0 -> APIC 0x3e -> Node 0
Jun 13 21:51:21 namenode kernel: [    0.000000] SRAT: PXM 0 -> APIC 0x40 -> Node 0
Jun 13 21:51:21 namenode kernel: [    0.000000] SRAT: PXM 0 -> APIC 0x42 -> Node 0
Jun 13 21:51:21 namenode kernel: [    0.000000] SRAT: PXM 0 -> APIC 0x44 -> Node 0
Jun 13 21:51:21 namenode kernel: [    0.000000] SRAT: PXM 0 -> APIC 0x46 -> Node 0
Jun 13 21:51:21 namenode kernel: [    0.000000] SRAT: PXM 0 -> APIC 0x48 -> Node 0
Jun 13 21:51:21 namenode kernel: [    0.000000] SRAT: PXM 0 -> APIC 0x4a -> Node 0
Jun 13 21:51:21 namenode kernel: [    0.000000] SRAT: PXM 0 -> APIC 0x4c -> Node 0
Jun 13 21:51:21 namenode kernel: [    0.000000] SRAT: PXM 0 -> APIC 0x4e -> Node 0
Jun 13 21:51:21 namenode kernel: [    0.000000] SRAT: PXM 0 -> APIC 0x50 -> Node 0
Jun 13 21:51:21 namenode kernel: [    0.000000] SRAT: PXM 0 -> APIC 0x52 -> Node 0
Jun 13 21:51:21 namenode kernel: [    0.000000] SRAT: PXM 0 -> APIC 0x54 -> Node 0
Jun 13 21:51:21 namenode kernel: [    0.000000] SRAT: PXM 0 -> APIC 0x56 -> Node 0
Jun 13 21:51:21 namenode kernel: [    0.000000] SRAT: PXM 0 -> APIC 0x58 -> Node 0
Jun 13 21:51:21 namenode kernel: [    0.000000] SRAT: PXM 0 -> APIC 0x5a -> Node 0
Jun 13 21:51:21 namenode kernel: [    0.000000] SRAT: PXM 0 -> APIC 0x5c -> Node 0
Jun 13 21:51:21 namenode kernel: [    0.000000] SRAT: PXM 0 -> APIC 0x5e -> Node 0
Jun 13 21:51:21 namenode kernel: [    0.000000] SRAT: PXM 0 -> APIC 0x60 -> Node 0
Jun 13 21:51:21 namenode kernel: [    0.000000] SRAT: PXM 0 -> APIC 0x62 -> Node 0
Jun 13 21:51:21 namenode kernel: [    0.000000] SRAT: PXM 0 -> APIC 0x64 -> Node 0
Jun 13 21:51:21 namenode kernel: [    0.000000] SRAT: PXM 0 -> APIC 0x66 -> Node 0
Jun 13 21:51:21 namenode kernel: [    0.000000] SRAT: PXM 0 -> APIC 0x68 -> Node 0
Jun 13 21:51:21 namenode kernel: [    0.000000] SRAT: PXM 0 -> APIC 0x6a -> Node 0
Jun 13 21:51:21 namenode kernel: [    0.000000] SRAT: PXM 0 -> APIC 0x6c -> Node 0
Jun 13 21:51:21 namenode kernel: [    0.000000] SRAT: PXM 0 -> APIC 0x6e -> Node 0
Jun 13 21:51:21 namenode kernel: [    0.000000] SRAT: PXM 0 -> APIC 0x70 -> Node 0
Jun 13 21:51:21 namenode kernel: [    0.000000] SRAT: PXM 0 -> APIC 0x72 -> Node 0
Jun 13 21:51:21 namenode kernel: [    0.000000] SRAT: PXM 0 -> APIC 0x74 -> Node 0
Jun 13 21:51:21 namenode kernel: [    0.000000] SRAT: PXM 0 -> APIC 0x76 -> Node 0
Jun 13 21:51:21 namenode kernel: [    0.000000] SRAT: PXM 0 -> APIC 0x78 -> Node 0
Jun 13 21:51:21 namenode kernel: [    0.000000] SRAT: PXM 0 -> APIC 0x7a -> Node 0
Jun 13 21:51:21 namenode kernel: [    0.000000] SRAT: PXM 0 -> APIC 0x7c -> Node 0
Jun 13 21:51:21 namenode kernel: [    0.000000] SRAT: PXM 0 -> APIC 0x7e -> Node 0
Jun 13 21:51:21 namenode kernel: [    0.000000] SRAT: Node 0 PXM 0 [mem 0x00000000-0x0009ffff]
Jun 13 21:51:21 namenode kernel: [    0.000000] SRAT: Node 0 PXM 0 [mem 0x00100000-0x0fffffff]
Jun 13 21:51:21 namenode kernel: [    0.000000] SRAT: Node 0 PXM 0 [mem 0x10000000-0x3fffffff]
Jun 13 21:51:21 namenode kernel: [    0.000000] SRAT: Node 0 PXM 0 [mem 0x40000000-0xbfffffff] hotplug
Jun 13 21:51:21 namenode kernel: [    0.000000] NUMA: Node 0 [mem 0x00000000-0x0009ffff] + [mem 0x00100000-0x0fffffff] -> [mem 0x00000000-0x0fffffff]
Jun 13 21:51:21 namenode kernel: [    0.000000] NUMA: Node 0 [mem 0x00000000-0x0fffffff] + [mem 0x10000000-0x3fffffff] -> [mem 0x00000000-0x3fffffff]
Jun 13 21:51:21 namenode kernel: [    0.000000] NODE_DATA(0) allocated [mem 0x3fffb000-0x3fffffff]
Jun 13 21:51:21 namenode kernel: [    0.000000]  [ffffea0000000000-ffffea0000ffffff] PMD -> [ffff88003e600000-ffff88003f5fffff] on node 0
Jun 13 21:51:21 namenode kernel: [    0.000000] Zone ranges:
Jun 13 21:51:21 namenode kernel: [    0.000000]   DMA      [mem 0x00001000-0x00ffffff]
Jun 13 21:51:21 namenode kernel: [    0.000000]   DMA32    [mem 0x01000000-0x3fffffff]
Jun 13 21:51:21 namenode kernel: [    0.000000]   Normal   empty
Jun 13 21:51:21 namenode kernel: [    0.000000] Movable zone start for each node
Jun 13 21:51:21 namenode kernel: [    0.000000] Early memory node ranges
Jun 13 21:51:21 namenode kernel: [    0.000000]   node   0: [mem 0x00001000-0x0009dfff]
Jun 13 21:51:21 namenode kernel: [    0.000000]   node   0: [mem 0x00100000-0x3fedffff]
Jun 13 21:51:21 namenode kernel: [    0.000000]   node   0: [mem 0x3ff00000-0x3fffffff]
Jun 13 21:51:21 namenode kernel: [    0.000000] Initmem setup node 0 [mem 0x00001000-0x3fffffff]
Jun 13 21:51:21 namenode kernel: [    0.000000] On node 0 totalpages: 262013
Jun 13 21:51:21 namenode kernel: [    0.000000]   DMA zone: 64 pages used for memmap
Jun 13 21:51:21 namenode kernel: [    0.000000]   DMA zone: 21 pages reserved
Jun 13 21:51:21 namenode kernel: [    0.000000]   DMA zone: 3997 pages, LIFO batch:0
Jun 13 21:51:21 namenode kernel: [    0.000000]   DMA32 zone: 4032 pages used for memmap
Jun 13 21:51:21 namenode kernel: [    0.000000]   DMA32 zone: 258016 pages, LIFO batch:31
Jun 13 21:51:21 namenode kernel: [    0.000000] ACPI: PM-Timer IO Port: 0x1008
Jun 13 21:51:21 namenode kernel: [    0.000000] ACPI: Local APIC address 0xfee00000
Jun 13 21:51:21 namenode kernel: [    0.000000] system APIC only can use physical flat
Jun 13 21:51:21 namenode kernel: [    0.000000] ACPI: LAPIC (acpi_id[0x00] lapic_id[0x00] enabled)
Jun 13 21:51:21 namenode kernel: [    0.000000] ACPI: LAPIC (acpi_id[0x01] lapic_id[0x02] disabled)
Jun 13 21:51:21 namenode kernel: [    0.000000] ACPI: LAPIC (acpi_id[0x02] lapic_id[0x04] disabled)
Jun 13 21:51:21 namenode kernel: [    0.000000] ACPI: LAPIC (acpi_id[0x03] lapic_id[0x06] disabled)
Jun 13 21:51:21 namenode kernel: [    0.000000] ACPI: LAPIC (acpi_id[0x04] lapic_id[0x08] disabled)
Jun 13 21:51:21 namenode kernel: [    0.000000] ACPI: LAPIC (acpi_id[0x05] lapic_id[0x0a] disabled)
Jun 13 21:51:21 namenode kernel: [    0.000000] ACPI: LAPIC (acpi_id[0x06] lapic_id[0x0c] disabled)
Jun 13 21:51:21 namenode kernel: [    0.000000] ACPI: LAPIC (acpi_id[0x07] lapic_id[0x0e] disabled)
Jun 13 21:51:21 namenode kernel: [    0.000000] ACPI: LAPIC (acpi_id[0x08] lapic_id[0x10] disabled)
Jun 13 21:51:21 namenode kernel: [    0.000000] ACPI: LAPIC (acpi_id[0x09] lapic_id[0x12] disabled)
Jun 13 21:51:21 namenode kernel: [    0.000000] ACPI: LAPIC (acpi_id[0x0a] lapic_id[0x14] disabled)
Jun 13 21:51:21 namenode kernel: [    0.000000] ACPI: LAPIC (acpi_id[0x0b] lapic_id[0x16] disabled)
Jun 13 21:51:21 namenode kernel: [    0.000000] ACPI: LAPIC (acpi_id[0x0c] lapic_id[0x18] disabled)
Jun 13 21:51:21 namenode kernel: [    0.000000] ACPI: LAPIC (acpi_id[0x0d] lapic_id[0x1a] disabled)
Jun 13 21:51:21 namenode kernel: [    0.000000] ACPI: LAPIC (acpi_id[0x0e] lapic_id[0x1c] disabled)
Jun 13 21:51:21 namenode kernel: [    0.000000] ACPI: LAPIC (acpi_id[0x0f] lapic_id[0x1e] disabled)
Jun 13 21:51:21 namenode kernel: [    0.000000] ACPI: LAPIC (acpi_id[0x10] lapic_id[0x20] disabled)
Jun 13 21:51:21 namenode kernel: [    0.000000] ACPI: LAPIC (acpi_id[0x11] lapic_id[0x22] disabled)
Jun 13 21:51:21 namenode kernel: [    0.000000] ACPI: LAPIC (acpi_id[0x12] lapic_id[0x24] disabled)
Jun 13 21:51:21 namenode kernel: [    0.000000] ACPI: LAPIC (acpi_id[0x13] lapic_id[0x26] disabled)
Jun 13 21:51:21 namenode kernel: [    0.000000] ACPI: LAPIC (acpi_id[0x14] lapic_id[0x28] disabled)
Jun 13 21:51:21 namenode kernel: [    0.000000] ACPI: LAPIC (acpi_id[0x15] lapic_id[0x2a] disabled)
Jun 13 21:51:21 namenode kernel: [    0.000000] ACPI: LAPIC (acpi_id[0x16] lapic_id[0x2c] disabled)
Jun 13 21:51:21 namenode kernel: [    0.000000] ACPI: LAPIC (acpi_id[0x17] lapic_id[0x2e] disabled)
Jun 13 21:51:21 namenode kernel: [    0.000000] ACPI: LAPIC (acpi_id[0x18] lapic_id[0x30] disabled)
Jun 13 21:51:21 namenode kernel: [    0.000000] ACPI: LAPIC (acpi_id[0x19] lapic_id[0x32] disabled)
Jun 13 21:51:21 namenode kernel: [    0.000000] ACPI: LAPIC (acpi_id[0x1a] lapic_id[0x34] disabled)
Jun 13 21:51:21 namenode kernel: [    0.000000] ACPI: LAPIC (acpi_id[0x1b] lapic_id[0x36] disabled)
Jun 13 21:51:21 namenode kernel: [    0.000000] ACPI: LAPIC (acpi_id[0x1c] lapic_id[0x38] disabled)
Jun 13 21:51:21 namenode kernel: [    0.000000] ACPI: LAPIC (acpi_id[0x1d] lapic_id[0x3a] disabled)
Jun 13 21:51:21 namenode kernel: [    0.000000] ACPI: LAPIC (acpi_id[0x1e] lapic_id[0x3c] disabled)
Jun 13 21:51:21 namenode kernel: [    0.000000] ACPI: LAPIC (acpi_id[0x1f] lapic_id[0x3e] disabled)
Jun 13 21:51:21 namenode kernel: [    0.000000] ACPI: LAPIC (acpi_id[0x20] lapic_id[0x40] disabled)
Jun 13 21:51:21 namenode kernel: [    0.000000] ACPI: LAPIC (acpi_id[0x21] lapic_id[0x42] disabled)
Jun 13 21:51:21 namenode kernel: [    0.000000] ACPI: LAPIC (acpi_id[0x22] lapic_id[0x44] disabled)
Jun 13 21:51:21 namenode kernel: [    0.000000] ACPI: LAPIC (acpi_id[0x23] lapic_id[0x46] disabled)
Jun 13 21:51:21 namenode kernel: [    0.000000] ACPI: LAPIC (acpi_id[0x24] lapic_id[0x48] disabled)
Jun 13 21:51:21 namenode kernel: [    0.000000] ACPI: LAPIC (acpi_id[0x25] lapic_id[0x4a] disabled)
Jun 13 21:51:21 namenode kernel: [    0.000000] ACPI: LAPIC (acpi_id[0x26] lapic_id[0x4c] disabled)
Jun 13 21:51:21 namenode kernel: [    0.000000] ACPI: LAPIC (acpi_id[0x27] lapic_id[0x4e] disabled)
Jun 13 21:51:21 namenode kernel: [    0.000000] ACPI: LAPIC (acpi_id[0x28] lapic_id[0x50] disabled)
Jun 13 21:51:21 namenode kernel: [    0.000000] ACPI: LAPIC (acpi_id[0x29] lapic_id[0x52] disabled)
Jun 13 21:51:21 namenode kernel: [    0.000000] ACPI: LAPIC (acpi_id[0x2a] lapic_id[0x54] disabled)
Jun 13 21:51:21 namenode kernel: [    0.000000] ACPI: LAPIC (acpi_id[0x2b] lapic_id[0x56] disabled)
Jun 13 21:51:21 namenode kernel: [    0.000000] ACPI: LAPIC (acpi_id[0x2c] lapic_id[0x58] disabled)
Jun 13 21:51:21 namenode kernel: [    0.000000] ACPI: LAPIC (acpi_id[0x2d] lapic_id[0x5a] disabled)
Jun 13 21:51:21 namenode kernel: [    0.000000] ACPI: LAPIC (acpi_id[0x2e] lapic_id[0x5c] disabled)
Jun 13 21:51:21 namenode kernel: [    0.000000] ACPI: LAPIC (acpi_id[0x2f] lapic_id[0x5e] disabled)
Jun 13 21:51:21 namenode kernel: [    0.000000] ACPI: LAPIC (acpi_id[0x30] lapic_id[0x60] disabled)
Jun 13 21:51:21 namenode kernel: [    0.000000] ACPI: LAPIC (acpi_id[0x31] lapic_id[0x62] disabled)
Jun 13 21:51:21 namenode kernel: [    0.000000] ACPI: LAPIC (acpi_id[0x32] lapic_id[0x64] disabled)
Jun 13 21:51:21 namenode kernel: [    0.000000] ACPI: LAPIC (acpi_id[0x33] lapic_id[0x66] disabled)
Jun 13 21:51:21 namenode kernel: [    0.000000] ACPI: LAPIC (acpi_id[0x34] lapic_id[0x68] disabled)
Jun 13 21:51:21 namenode kernel: [    0.000000] ACPI: LAPIC (acpi_id[0x35] lapic_id[0x6a] disabled)
Jun 13 21:51:21 namenode kernel: [    0.000000] ACPI: LAPIC (acpi_id[0x36] lapic_id[0x6c] disabled)
Jun 13 21:51:21 namenode kernel: [    0.000000] ACPI: LAPIC (acpi_id[0x37] lapic_id[0x6e] disabled)
Jun 13 21:51:21 namenode kernel: [    0.000000] ACPI: LAPIC (acpi_id[0x38] lapic_id[0x70] disabled)
Jun 13 21:51:21 namenode kernel: [    0.000000] ACPI: LAPIC (acpi_id[0x39] lapic_id[0x72] disabled)
Jun 13 21:51:21 namenode kernel: [    0.000000] ACPI: LAPIC (acpi_id[0x3a] lapic_id[0x74] disabled)
Jun 13 21:51:21 namenode kernel: [    0.000000] ACPI: LAPIC (acpi_id[0x3b] lapic_id[0x76] disabled)
Jun 13 21:51:21 namenode kernel: [    0.000000] ACPI: LAPIC (acpi_id[0x3c] lapic_id[0x78] disabled)
Jun 13 21:51:21 namenode kernel: [    0.000000] ACPI: LAPIC (acpi_id[0x3d] lapic_id[0x7a] disabled)
Jun 13 21:51:21 namenode kernel: [    0.000000] ACPI: LAPIC (acpi_id[0x3e] lapic_id[0x7c] disabled)
Jun 13 21:51:21 namenode kernel: [    0.000000] ACPI: LAPIC (acpi_id[0x3f] lapic_id[0x7e] disabled)
Jun 13 21:51:21 namenode kernel: [    0.000000] ACPI: LAPIC_NMI (acpi_id[0x00] high edge lint[0x1])
Jun 13 21:51:21 namenode kernel: [    0.000000] ACPI: LAPIC_NMI (acpi_id[0x01] high edge lint[0x1])
Jun 13 21:51:21 namenode kernel: [    0.000000] ACPI: LAPIC_NMI (acpi_id[0x02] high edge lint[0x1])
Jun 13 21:51:21 namenode kernel: [    0.000000] ACPI: LAPIC_NMI (acpi_id[0x03] high edge lint[0x1])
Jun 13 21:51:21 namenode kernel: [    0.000000] ACPI: LAPIC_NMI (acpi_id[0x04] high edge lint[0x1])
Jun 13 21:51:21 namenode kernel: [    0.000000] ACPI: LAPIC_NMI (acpi_id[0x05] high edge lint[0x1])
Jun 13 21:51:21 namenode kernel: [    0.000000] ACPI: LAPIC_NMI (acpi_id[0x06] high edge lint[0x1])
Jun 13 21:51:21 namenode kernel: [    0.000000] ACPI: LAPIC_NMI (acpi_id[0x07] high edge lint[0x1])
Jun 13 21:51:21 namenode kernel: [    0.000000] ACPI: LAPIC_NMI (acpi_id[0x08] high edge lint[0x1])
Jun 13 21:51:21 namenode kernel: [    0.000000] ACPI: LAPIC_NMI (acpi_id[0x09] high edge lint[0x1])
Jun 13 21:51:21 namenode kernel: [    0.000000] ACPI: LAPIC_NMI (acpi_id[0x0a] high edge lint[0x1])
Jun 13 21:51:21 namenode kernel: [    0.000000] ACPI: LAPIC_NMI (acpi_id[0x0b] high edge lint[0x1])
Jun 13 21:51:21 namenode kernel: [    0.000000] ACPI: LAPIC_NMI (acpi_id[0x0c] high edge lint[0x1])
Jun 13 21:51:21 namenode kernel: [    0.000000] ACPI: LAPIC_NMI (acpi_id[0x0d] high edge lint[0x1])
Jun 13 21:51:21 namenode kernel: [    0.000000] ACPI: LAPIC_NMI (acpi_id[0x0e] high edge lint[0x1])
Jun 13 21:51:21 namenode kernel: [    0.000000] ACPI: LAPIC_NMI (acpi_id[0x0f] high edge lint[0x1])
Jun 13 21:51:21 namenode kernel: [    0.000000] ACPI: LAPIC_NMI (acpi_id[0x10] high edge lint[0x1])
Jun 13 21:51:21 namenode kernel: [    0.000000] ACPI: LAPIC_NMI (acpi_id[0x11] high edge lint[0x1])
Jun 13 21:51:21 namenode kernel: [    0.000000] ACPI: LAPIC_NMI (acpi_id[0x12] high edge lint[0x1])
Jun 13 21:51:21 namenode kernel: [    0.000000] ACPI: LAPIC_NMI (acpi_id[0x13] high edge lint[0x1])
Jun 13 21:51:21 namenode kernel: [    0.000000] ACPI: LAPIC_NMI (acpi_id[0x14] high edge lint[0x1])
Jun 13 21:51:21 namenode kernel: [    0.000000] ACPI: LAPIC_NMI (acpi_id[0x15] high edge lint[0x1])
Jun 13 21:51:21 namenode kernel: [    0.000000] ACPI: LAPIC_NMI (acpi_id[0x16] high edge lint[0x1])
Jun 13 21:51:21 namenode kernel: [    0.000000] ACPI: LAPIC_NMI (acpi_id[0x17] high edge lint[0x1])
Jun 13 21:51:21 namenode kernel: [    0.000000] ACPI: LAPIC_NMI (acpi_id[0x18] high edge lint[0x1])
Jun 13 21:51:21 namenode kernel: [    0.000000] ACPI: LAPIC_NMI (acpi_id[0x19] high edge lint[0x1])
Jun 13 21:51:21 namenode kernel: [    0.000000] ACPI: LAPIC_NMI (acpi_id[0x1a] high edge lint[0x1])
Jun 13 21:51:21 namenode kernel: [    0.000000] ACPI: LAPIC_NMI (acpi_id[0x1b] high edge lint[0x1])
Jun 13 21:51:21 namenode kernel: [    0.000000] ACPI: LAPIC_NMI (acpi_id[0x1c] high edge lint[0x1])
Jun 13 21:51:21 namenode kernel: [    0.000000] ACPI: LAPIC_NMI (acpi_id[0x1d] high edge lint[0x1])
Jun 13 21:51:21 namenode kernel: [    0.000000] ACPI: LAPIC_NMI (acpi_id[0x1e] high edge lint[0x1])
Jun 13 21:51:21 namenode kernel: [    0.000000] ACPI: LAPIC_NMI (acpi_id[0x1f] high edge lint[0x1])
Jun 13 21:51:21 namenode kernel: [    0.000000] ACPI: LAPIC_NMI (acpi_id[0x20] high edge lint[0x1])
Jun 13 21:51:21 namenode kernel: [    0.000000] ACPI: LAPIC_NMI (acpi_id[0x21] high edge lint[0x1])
Jun 13 21:51:21 namenode kernel: [    0.000000] ACPI: LAPIC_NMI (acpi_id[0x22] high edge lint[0x1])
Jun 13 21:51:21 namenode kernel: [    0.000000] ACPI: LAPIC_NMI (acpi_id[0x23] high edge lint[0x1])
Jun 13 21:51:21 namenode kernel: [    0.000000] ACPI: LAPIC_NMI (acpi_id[0x24] high edge lint[0x1])
Jun 13 21:51:21 namenode kernel: [    0.000000] ACPI: LAPIC_NMI (acpi_id[0x25] high edge lint[0x1])
Jun 13 21:51:21 namenode kernel: [    0.000000] ACPI: LAPIC_NMI (acpi_id[0x26] high edge lint[0x1])
Jun 13 21:51:21 namenode kernel: [    0.000000] ACPI: LAPIC_NMI (acpi_id[0x27] high edge lint[0x1])
Jun 13 21:51:21 namenode kernel: [    0.000000] ACPI: LAPIC_NMI (acpi_id[0x28] high edge lint[0x1])
Jun 13 21:51:21 namenode kernel: [    0.000000] ACPI: LAPIC_NMI (acpi_id[0x29] high edge lint[0x1])
Jun 13 21:51:21 namenode kernel: [    0.000000] ACPI: LAPIC_NMI (acpi_id[0x2a] high edge lint[0x1])
Jun 13 21:51:21 namenode kernel: [    0.000000] ACPI: LAPIC_NMI (acpi_id[0x2b] high edge lint[0x1])
Jun 13 21:51:21 namenode kernel: [    0.000000] ACPI: LAPIC_NMI (acpi_id[0x2c] high edge lint[0x1])
Jun 13 21:51:21 namenode kernel: [    0.000000] ACPI: LAPIC_NMI (acpi_id[0x2d] high edge lint[0x1])
Jun 13 21:51:21 namenode kernel: [    0.000000] ACPI: LAPIC_NMI (acpi_id[0x2e] high edge lint[0x1])
Jun 13 21:51:21 namenode kernel: [    0.000000] ACPI: LAPIC_NMI (acpi_id[0x2f] high edge lint[0x1])
Jun 13 21:51:21 namenode kernel: [    0.000000] ACPI: LAPIC_NMI (acpi_id[0x30] high edge lint[0x1])
Jun 13 21:51:21 namenode kernel: [    0.000000] ACPI: LAPIC_NMI (acpi_id[0x31] high edge lint[0x1])
Jun 13 21:51:21 namenode kernel: [    0.000000] ACPI: LAPIC_NMI (acpi_id[0x32] high edge lint[0x1])
Jun 13 21:51:21 namenode kernel: [    0.000000] ACPI: LAPIC_NMI (acpi_id[0x33] high edge lint[0x1])
Jun 13 21:51:21 namenode kernel: [    0.000000] ACPI: LAPIC_NMI (acpi_id[0x34] high edge lint[0x1])
Jun 13 21:51:21 namenode kernel: [    0.000000] ACPI: LAPIC_NMI (acpi_id[0x35] high edge lint[0x1])
Jun 13 21:51:21 namenode kernel: [    0.000000] ACPI: LAPIC_NMI (acpi_id[0x36] high edge lint[0x1])
Jun 13 21:51:21 namenode kernel: [    0.000000] ACPI: LAPIC_NMI (acpi_id[0x37] high edge lint[0x1])
Jun 13 21:51:21 namenode kernel: [    0.000000] ACPI: LAPIC_NMI (acpi_id[0x38] high edge lint[0x1])
Jun 13 21:51:21 namenode kernel: [    0.000000] ACPI: LAPIC_NMI (acpi_id[0x39] high edge lint[0x1])
Jun 13 21:51:21 namenode kernel: [    0.000000] ACPI: LAPIC_NMI (acpi_id[0x3a] high edge lint[0x1])
Jun 13 21:51:21 namenode kernel: [    0.000000] ACPI: LAPIC_NMI (acpi_id[0x3b] high edge lint[0x1])
Jun 13 21:51:21 namenode kernel: [    0.000000] ACPI: LAPIC_NMI (acpi_id[0x3c] high edge lint[0x1])
Jun 13 21:51:21 namenode kernel: [    0.000000] ACPI: LAPIC_NMI (acpi_id[0x3d] high edge lint[0x1])
Jun 13 21:51:21 namenode kernel: [    0.000000] ACPI: LAPIC_NMI (acpi_id[0x3e] high edge lint[0x1])
Jun 13 21:51:21 namenode kernel: [    0.000000] ACPI: LAPIC_NMI (acpi_id[0x3f] high edge lint[0x1])
Jun 13 21:51:21 namenode kernel: [    0.000000] ACPI: IOAPIC (id[0x01] address[0xfec00000] gsi_base[0])
Jun 13 21:51:21 namenode kernel: [    0.000000] IOAPIC[0]: apic_id 1, version 17, address 0xfec00000, GSI 0-23
Jun 13 21:51:21 namenode kernel: [    0.000000] ACPI: INT_SRC_OVR (bus 0 bus_irq 0 global_irq 2 high edge)
Jun 13 21:51:21 namenode kernel: [    0.000000] ACPI: IRQ0 used by override.
Jun 13 21:51:21 namenode kernel: [    0.000000] ACPI: IRQ9 used by override.
Jun 13 21:51:21 namenode kernel: [    0.000000] Using ACPI (MADT) for SMP configuration information
Jun 13 21:51:21 namenode kernel: [    0.000000] ACPI: HPET id: 0x8086af01 base: 0xfed00000
Jun 13 21:51:21 namenode kernel: [    0.000000] smpboot: Allowing 64 CPUs, 63 hotplug CPUs
Jun 13 21:51:21 namenode kernel: [    0.000000] PM: Registered nosave memory: [mem 0x00000000-0x00000fff]
Jun 13 21:51:21 namenode kernel: [    0.000000] PM: Registered nosave memory: [mem 0x0009e000-0x0009efff]
Jun 13 21:51:21 namenode kernel: [    0.000000] PM: Registered nosave memory: [mem 0x0009f000-0x0009ffff]
Jun 13 21:51:21 namenode kernel: [    0.000000] PM: Registered nosave memory: [mem 0x000a0000-0x000c9fff]
Jun 13 21:51:21 namenode kernel: [    0.000000] PM: Registered nosave memory: [mem 0x000ca000-0x000cbfff]
Jun 13 21:51:21 namenode kernel: [    0.000000] PM: Registered nosave memory: [mem 0x000cc000-0x000dbfff]
Jun 13 21:51:21 namenode kernel: [    0.000000] PM: Registered nosave memory: [mem 0x000dc000-0x000fffff]
Jun 13 21:51:21 namenode kernel: [    0.000000] PM: Registered nosave memory: [mem 0x3fee0000-0x3fefefff]
Jun 13 21:51:21 namenode kernel: [    0.000000] PM: Registered nosave memory: [mem 0x3feff000-0x3fefffff]
Jun 13 21:51:21 namenode kernel: [    0.000000] e820: [mem 0x40000000-0xefffffff] available for PCI devices
Jun 13 21:51:21 namenode kernel: [    0.000000] Booting paravirtualized kernel on bare hardware
Jun 13 21:51:21 namenode kernel: [    0.000000] setup_percpu: NR_CPUS:256 nr_cpumask_bits:256 nr_cpu_ids:64 nr_node_ids:1
Jun 13 21:51:21 namenode kernel: [    0.000000] PERCPU: Embedded 31 pages/cpu @ffff88003f600000 s86144 r8192 d32640 u131072
Jun 13 21:51:21 namenode kernel: [    0.000000] pcpu-alloc: s86144 r8192 d32640 u131072 alloc=1*2097152
Jun 13 21:51:21 namenode kernel: [    0.000000] pcpu-alloc: [0] 00 01 02 03 04 05 06 07 08 09 10 11 12 13 14 15 
Jun 13 21:51:21 namenode kernel: [    0.000000] pcpu-alloc: [0] 16 17 18 19 20 21 22 23 24 25 26 27 28 29 30 31 
Jun 13 21:51:21 namenode kernel: [    0.000000] pcpu-alloc: [0] 32 33 34 35 36 37 38 39 40 41 42 43 44 45 46 47 
Jun 13 21:51:21 namenode kernel: [    0.000000] pcpu-alloc: [0] 48 49 50 51 52 53 54 55 56 57 58 59 60 61 62 63 
Jun 13 21:51:21 namenode kernel: [    0.000000] Built 1 zonelists in Node order, mobility grouping on.  Total pages: 257896
Jun 13 21:51:21 namenode kernel: [    0.000000] Policy zone: DMA32
Jun 13 21:51:21 namenode kernel: [    0.000000] Kernel command line: BOOT_IMAGE=/vmlinuz-3.19.0-25-generic root=/dev/mapper/namenode--vg-root ro
Jun 13 21:51:21 namenode kernel: [    0.000000] log_buf_len individual max cpu contribution: 4096 bytes
Jun 13 21:51:21 namenode kernel: [    0.000000] log_buf_len total cpu_extra contributions: 258048 bytes
Jun 13 21:51:21 namenode kernel: [    0.000000] log_buf_len min size: 262144 bytes
Jun 13 21:51:21 namenode kernel: [    0.000000] log_buf_len: 524288 bytes
Jun 13 21:51:21 namenode kernel: [    0.000000] early log buf free: 240788(91%)
Jun 13 21:51:21 namenode kernel: [    0.000000] PID hash table entries: 4096 (order: 3, 32768 bytes)
Jun 13 21:51:21 namenode kernel: [    0.000000] xsave: enabled xstate_bv 0x7, cntxt size 0x340 using standard form
Jun 13 21:51:21 namenode kernel: [    0.000000] AGP: Checking aperture...
Jun 13 21:51:21 namenode kernel: [    0.000000] AGP: No AGP bridge found
Jun 13 21:51:21 namenode kernel: [    0.000000] Calgary: detecting Calgary via BIOS EBDA area
Jun 13 21:51:21 namenode kernel: [    0.000000] Calgary: Unable to locate Rio Grande table in EBDA - bailing!
Jun 13 21:51:21 namenode kernel: [    0.000000] Memory: 986364K/1048052K available (7918K kernel code, 1172K rwdata, 3752K rodata, 1408K init, 1292K bss, 61688K reserved, 0K cma-reserved)
Jun 13 21:51:21 namenode kernel: [    0.000000] SLUB: HWalign=64, Order=0-3, MinObjects=0, CPUs=64, Nodes=1
Jun 13 21:51:21 namenode kernel: [    0.000000] Hierarchical RCU implementation.
Jun 13 21:51:21 namenode kernel: [    0.000000] 	RCU dyntick-idle grace-period acceleration is enabled.
Jun 13 21:51:21 namenode kernel: [    0.000000] 	RCU restricting CPUs from NR_CPUS=256 to nr_cpu_ids=64.
Jun 13 21:51:21 namenode kernel: [    0.000000] RCU: Adjusting geometry for rcu_fanout_leaf=16, nr_cpu_ids=64
Jun 13 21:51:21 namenode kernel: [    0.000000] NR_IRQS:16640 nr_irqs:936 16
Jun 13 21:51:21 namenode kernel: [    0.000000] 	Offload RCU callbacks from all CPUs
Jun 13 21:51:21 namenode kernel: [    0.000000] 	Offload RCU callbacks from CPUs: 0-63.
Jun 13 21:51:21 namenode kernel: [    0.000000] Console: colour VGA+ 80x25
Jun 13 21:51:21 namenode kernel: [    0.000000] console [tty0] enabled
Jun 13 21:51:21 namenode kernel: [    0.000000] hpet clockevent registered
Jun 13 21:51:21 namenode kernel: [    0.000000] TSC freq read from hypervisor : 2195.024 MHz
Jun 13 21:51:21 namenode kernel: [    0.000000] tsc: Detected 2195.024 MHz processor
Jun 13 21:51:21 namenode kernel: [    0.000255] Calibrating delay loop (skipped) preset value.. 4390.04 BogoMIPS (lpj=8780096)
Jun 13 21:51:21 namenode kernel: [    0.000604] pid_max: default: 65536 minimum: 512
Jun 13 21:51:21 namenode kernel: [    0.000820] ACPI: Core revision 20141107
Jun 13 21:51:21 namenode kernel: [    0.022244] ACPI: All ACPI Tables successfully acquired
Jun 13 21:51:21 namenode kernel: [    0.025940] Security Framework initialized
Jun 13 21:51:21 namenode kernel: [    0.026384] AppArmor: AppArmor initialized
Jun 13 21:51:21 namenode kernel: [    0.026558] Yama: becoming mindful.
Jun 13 21:51:21 namenode kernel: [    0.026912] Dentry cache hash table entries: 131072 (order: 8, 1048576 bytes)
Jun 13 21:51:21 namenode kernel: [    0.027816] Inode-cache hash table entries: 65536 (order: 7, 524288 bytes)
Jun 13 21:51:21 namenode kernel: [    0.028344] Mount-cache hash table entries: 2048 (order: 2, 16384 bytes)
Jun 13 21:51:21 namenode kernel: [    0.028554] Mountpoint-cache hash table entries: 2048 (order: 2, 16384 bytes)
Jun 13 21:51:21 namenode kernel: [    0.029284] Initializing cgroup subsys memory
Jun 13 21:51:21 namenode kernel: [    0.029472] Initializing cgroup subsys devices
Jun 13 21:51:21 namenode kernel: [    0.029650] Initializing cgroup subsys freezer
Jun 13 21:51:21 namenode kernel: [    0.029881] Initializing cgroup subsys net_cls
Jun 13 21:51:21 namenode kernel: [    0.030059] Initializing cgroup subsys blkio
Jun 13 21:51:21 namenode kernel: [    0.030234] Initializing cgroup subsys perf_event
Jun 13 21:51:21 namenode kernel: [    0.030417] Initializing cgroup subsys net_prio
Jun 13 21:51:21 namenode kernel: [    0.030595] Initializing cgroup subsys hugetlb
Jun 13 21:51:21 namenode kernel: [    0.030926] Disabled fast string operations
Jun 13 21:51:21 namenode kernel: [    0.031105] CPU: Physical Processor ID: 0
Jun 13 21:51:21 namenode kernel: [    0.031289] ENERGY_PERF_BIAS: Set to 'normal', was 'performance'
Jun 13 21:51:21 namenode kernel: [    0.031289] ENERGY_PERF_BIAS: View and update with x86_energy_perf_policy(8)
Jun 13 21:51:21 namenode kernel: [    0.031656] mce: CPU supports 0 MCE banks
Jun 13 21:51:21 namenode kernel: [    0.031914] Last level iTLB entries: 4KB 512, 2MB 8, 4MB 8
Jun 13 21:51:21 namenode kernel: [    0.031914] Last level dTLB entries: 4KB 512, 2MB 32, 4MB 32, 1GB 0
Jun 13 21:51:21 namenode kernel: [    0.070068] ftrace: allocating 29988 entries in 118 pages
Jun 13 21:51:21 namenode kernel: [    0.129072] ..TIMER: vector=0x30 apic1=0 pin1=2 apic2=-1 pin2=-1
Jun 13 21:51:21 namenode kernel: [    0.169018] smpboot: CPU0: Intel(R) Core(TM) i7-2720QM CPU @ 2.20GHz (fam: 06, model: 2a, stepping: 07)
Jun 13 21:51:21 namenode kernel: [    0.276354] Performance Events: 16-deep LBR, SandyBridge events, core PMU driver.
Jun 13 21:51:21 namenode kernel: [    0.276814] perf_event_intel: CPUID marked event: 'cpu cycles' unavailable
Jun 13 21:51:21 namenode kernel: [    0.277023] perf_event_intel: CPUID marked event: 'instructions' unavailable
Jun 13 21:51:21 namenode kernel: [    0.277254] perf_event_intel: CPUID marked event: 'bus cycles' unavailable
Jun 13 21:51:21 namenode kernel: [    0.277461] perf_event_intel: CPUID marked event: 'cache references' unavailable
Jun 13 21:51:21 namenode kernel: [    0.277756] perf_event_intel: CPUID marked event: 'cache misses' unavailable
Jun 13 21:51:21 namenode kernel: [    0.277965] perf_event_intel: CPUID marked event: 'branch instructions' unavailable
Jun 13 21:51:21 namenode kernel: [    0.278280] perf_event_intel: CPUID marked event: 'branch misses' unavailable
Jun 13 21:51:21 namenode kernel: [    0.278494] ... version:                1
Jun 13 21:51:21 namenode kernel: [    0.278664] ... bit width:              48
Jun 13 21:51:21 namenode kernel: [    0.278835] ... generic registers:      4
Jun 13 21:51:21 namenode kernel: [    0.279006] ... value mask:             0000ffffffffffff
Jun 13 21:51:21 namenode kernel: [    0.279210] ... max period:             000000007fffffff
Jun 13 21:51:21 namenode kernel: [    0.279397] ... fixed-purpose events:   0
Jun 13 21:51:21 namenode kernel: [    0.279568] ... event mask:             000000000000000f
Jun 13 21:51:21 namenode kernel: [    0.285038] x86: Booted up 1 node, 1 CPUs
Jun 13 21:51:21 namenode kernel: [    0.285269] smpboot: Total of 1 processors activated (4390.04 BogoMIPS)
Jun 13 21:51:21 namenode kernel: [    0.285780] NMI watchdog: disabled (cpu0): hardware events not enabled
Jun 13 21:51:21 namenode kernel: [    0.286517] devtmpfs: initialized
Jun 13 21:51:21 namenode kernel: [    0.292144] evm: security.selinux
Jun 13 21:51:21 namenode kernel: [    0.292348] evm: security.SMACK64
Jun 13 21:51:21 namenode kernel: [    0.292511] evm: security.SMACK64EXEC
Jun 13 21:51:21 namenode kernel: [    0.292678] evm: security.SMACK64TRANSMUTE
Jun 13 21:51:21 namenode kernel: [    0.292849] evm: security.SMACK64MMAP
Jun 13 21:51:21 namenode kernel: [    0.293405] evm: security.ima
Jun 13 21:51:21 namenode kernel: [    0.293562] evm: security.capability
Jun 13 21:51:21 namenode kernel: [    0.293826] PM: Registering ACPI NVS region [mem 0x3feff000-0x3fefffff] (4096 bytes)
Jun 13 21:51:21 namenode kernel: [    0.294489] pinctrl core: initialized pinctrl subsystem
Jun 13 21:51:21 namenode kernel: [    0.294955] RTC time: 13:51:13, date: 06/13/16
Jun 13 21:51:21 namenode kernel: [    0.295381] NET: Registered protocol family 16
Jun 13 21:51:21 namenode kernel: [    0.295857] cpuidle: using governor ladder
Jun 13 21:51:21 namenode kernel: [    0.296035] cpuidle: using governor menu
Jun 13 21:51:21 namenode kernel: [    0.296326] ACPI: bus type PCI registered
Jun 13 21:51:21 namenode kernel: [    0.296503] acpiphp: ACPI Hot Plug PCI Controller Driver version: 0.5
Jun 13 21:51:21 namenode kernel: [    0.297022] PCI: MMCONFIG for domain 0000 [bus 00-7f] at [mem 0xf0000000-0xf7ffffff] (base 0xf0000000)
Jun 13 21:51:21 namenode kernel: [    0.297369] PCI: MMCONFIG at [mem 0xf0000000-0xf7ffffff] reserved in E820
Jun 13 21:51:21 namenode kernel: [    0.297960] PCI: Using configuration type 1 for base access
Jun 13 21:51:21 namenode kernel: [    0.300717] ACPI: Added _OSI(Module Device)
Jun 13 21:51:21 namenode kernel: [    0.300899] ACPI: Added _OSI(Processor Device)
Jun 13 21:51:21 namenode kernel: [    0.301075] ACPI: Added _OSI(3.0 _SCP Extensions)
Jun 13 21:51:21 namenode kernel: [    0.301276] ACPI: Added _OSI(Processor Aggregator Device)
Jun 13 21:51:21 namenode kernel: [    0.314142] [Firmware Bug]: ACPI: BIOS _OSI(Linux) query ignored
Jun 13 21:51:21 namenode kernel: [    0.325598] ACPI: Interpreter enabled
Jun 13 21:51:21 namenode kernel: [    0.325793] ACPI Exception: AE_NOT_FOUND, While evaluating Sleep State [\_S2_] (20141107/hwxface-580)
Jun 13 21:51:21 namenode kernel: [    0.326209] ACPI Exception: AE_NOT_FOUND, While evaluating Sleep State [\_S3_] (20141107/hwxface-580)
Jun 13 21:51:21 namenode kernel: [    0.326646] ACPI: (supports S0 S1 S4 S5)
Jun 13 21:51:21 namenode kernel: [    0.326817] ACPI: Using IOAPIC for interrupt routing
Jun 13 21:51:21 namenode kernel: [    0.327050] PCI: Using host bridge windows from ACPI; if necessary, use "pci=nocrs" and report a bug
Jun 13 21:51:21 namenode kernel: [    0.428969] ACPI: PCI Root Bridge [PCI0] (domain 0000 [bus 00-7f])
Jun 13 21:51:21 namenode kernel: [    0.429193] acpi PNP0A08:00: _OSC: OS supports [ExtendedConfig ASPM ClockPM Segments MSI]
Jun 13 21:51:21 namenode kernel: [    0.429849] acpi PNP0A08:00: _OSC: platform does not support [AER]
Jun 13 21:51:21 namenode kernel: [    0.430373] acpi PNP0A08:00: _OSC: OS now controls [PCIeHotplug PME PCIeCapability]
Jun 13 21:51:21 namenode kernel: [    0.434956] PCI host bridge to bus 0000:00
Jun 13 21:51:21 namenode kernel: [    0.435137] pci_bus 0000:00: root bus resource [bus 00-7f]
Jun 13 21:51:21 namenode kernel: [    0.435329] pci_bus 0000:00: root bus resource [mem 0x000a0000-0x000bffff]
Jun 13 21:51:21 namenode kernel: [    0.435555] pci_bus 0000:00: root bus resource [mem 0x000d0000-0x000d3fff]
Jun 13 21:51:21 namenode kernel: [    0.435764] pci_bus 0000:00: root bus resource [mem 0x000d4000-0x000d7fff]
Jun 13 21:51:21 namenode kernel: [    0.435972] pci_bus 0000:00: root bus resource [mem 0x000d8000-0x000dbfff]
Jun 13 21:51:21 namenode kernel: [    0.436181] pci_bus 0000:00: root bus resource [mem 0xc0000000-0xfebfffff]
Jun 13 21:51:21 namenode kernel: [    0.436390] pci_bus 0000:00: root bus resource [io  0x0000-0x0cf7]
Jun 13 21:51:21 namenode kernel: [    0.436622] pci_bus 0000:00: root bus resource [io  0x0d00-0xfeff]
Jun 13 21:51:21 namenode kernel: [    0.436905] pci 0000:00:00.0: [8086:7190] type 00 class 0x060000
Jun 13 21:51:21 namenode kernel: [    0.438004] pci 0000:00:01.0: [8086:7191] type 01 class 0x060400
Jun 13 21:51:21 namenode kernel: [    0.438892] pci 0000:00:07.0: [8086:7110] type 00 class 0x060100
Jun 13 21:51:21 namenode kernel: [    0.440157] pci 0000:00:07.1: [8086:7111] type 00 class 0x01018a
Jun 13 21:51:21 namenode kernel: [    0.442952] pci 0000:00:07.1: reg 0x20: [io  0x1060-0x106f]
Jun 13 21:51:21 namenode kernel: [    0.444086] pci 0000:00:07.1: legacy IDE quirk: reg 0x10: [io  0x01f0-0x01f7]
Jun 13 21:51:21 namenode kernel: [    0.444308] pci 0000:00:07.1: legacy IDE quirk: reg 0x14: [io  0x03f6]
Jun 13 21:51:21 namenode kernel: [    0.444547] pci 0000:00:07.1: legacy IDE quirk: reg 0x18: [io  0x0170-0x0177]
Jun 13 21:51:21 namenode kernel: [    0.444760] pci 0000:00:07.1: legacy IDE quirk: reg 0x1c: [io  0x0376]
Jun 13 21:51:21 namenode kernel: [    0.445361] pci 0000:00:07.3: [8086:7113] type 00 class 0x068000
Jun 13 21:51:21 namenode kernel: [    0.448205] pci 0000:00:07.3: can't claim BAR 13 [io  0x1000-0x103f]: address conflict with ACPI PM1a_EVT_BLK [io  0x1000-0x1003]
Jun 13 21:51:21 namenode kernel: [    0.448614] pci 0000:00:07.3: quirk: [io  0x1040-0x104f] claimed by PIIX4 SMB
Jun 13 21:51:21 namenode kernel: [    0.449397] pci 0000:00:07.7: [15ad:0740] type 00 class 0x088000
Jun 13 21:51:21 namenode kernel: [    0.450276] pci 0000:00:07.7: reg 0x10: [io  0x1080-0x10bf]
Jun 13 21:51:21 namenode kernel: [    0.451060] pci 0000:00:07.7: reg 0x14: [mem 0xfebfe000-0xfebfffff 64bit]
Jun 13 21:51:21 namenode kernel: [    0.454982] pci 0000:00:0f.0: [15ad:0405] type 00 class 0x030000
Jun 13 21:51:21 namenode kernel: [    0.457372] pci 0000:00:0f.0: reg 0x10: [io  0x1070-0x107f]
Jun 13 21:51:21 namenode kernel: [    0.459535] pci 0000:00:0f.0: reg 0x14: [mem 0xe8000000-0xefffffff pref]
Jun 13 21:51:21 namenode kernel: [    0.461741] pci 0000:00:0f.0: reg 0x18: [mem 0xfe000000-0xfe7fffff]
Jun 13 21:51:21 namenode kernel: [    0.470356] pci 0000:00:0f.0: reg 0x30: [mem 0x00000000-0x00007fff pref]
Jun 13 21:51:21 namenode kernel: [    0.471100] pci 0000:00:10.0: [1000:0030] type 00 class 0x010000
Jun 13 21:51:21 namenode kernel: [    0.472131] pci 0000:00:10.0: reg 0x10: [io  0x1400-0x14ff]
Jun 13 21:51:21 namenode kernel: [    0.473180] pci 0000:00:10.0: reg 0x14: [mem 0xfeba0000-0xfebbffff 64bit]
Jun 13 21:51:21 namenode kernel: [    0.474209] pci 0000:00:10.0: reg 0x1c: [mem 0xfebc0000-0xfebdffff 64bit]
Jun 13 21:51:21 namenode kernel: [    0.476176] pci 0000:00:10.0: reg 0x30: [mem 0x00000000-0x00003fff pref]
Jun 13 21:51:21 namenode kernel: [    0.476658] pci 0000:00:11.0: [15ad:0790] type 01 class 0x060401
Jun 13 21:51:21 namenode kernel: [    0.477719] pci 0000:00:11.0: System wakeup disabled by ACPI
Jun 13 21:51:21 namenode kernel: [    0.478267] pci 0000:00:15.0: [15ad:07a0] type 01 class 0x060400
Jun 13 21:51:21 namenode kernel: [    0.479630] pci 0000:00:15.0: PME# supported from D0 D3hot D3cold
Jun 13 21:51:21 namenode kernel: [    0.479972] pci 0000:00:15.0: System wakeup disabled by ACPI
Jun 13 21:51:21 namenode kernel: [    0.480435] pci 0000:00:15.1: [15ad:07a0] type 01 class 0x060400
Jun 13 21:51:21 namenode kernel: [    0.481797] pci 0000:00:15.1: PME# supported from D0 D3hot D3cold
Jun 13 21:51:21 namenode kernel: [    0.482128] pci 0000:00:15.1: System wakeup disabled by ACPI
Jun 13 21:51:21 namenode kernel: [    0.482628] pci 0000:00:15.2: [15ad:07a0] type 01 class 0x060400
Jun 13 21:51:21 namenode kernel: [    0.483991] pci 0000:00:15.2: PME# supported from D0 D3hot D3cold
Jun 13 21:51:21 namenode kernel: [    0.484325] pci 0000:00:15.2: System wakeup disabled by ACPI
Jun 13 21:51:21 namenode kernel: [    0.484841] pci 0000:00:15.3: [15ad:07a0] type 01 class 0x060400
Jun 13 21:51:21 namenode kernel: [    0.486185] pci 0000:00:15.3: PME# supported from D0 D3hot D3cold
Jun 13 21:51:21 namenode kernel: [    0.486540] pci 0000:00:15.3: System wakeup disabled by ACPI
Jun 13 21:51:21 namenode kernel: [    0.487005] pci 0000:00:15.4: [15ad:07a0] type 01 class 0x060400
Jun 13 21:51:21 namenode kernel: [    0.488336] pci 0000:00:15.4: PME# supported from D0 D3hot D3cold
Jun 13 21:51:21 namenode kernel: [    0.488682] pci 0000:00:15.4: System wakeup disabled by ACPI
Jun 13 21:51:21 namenode kernel: [    0.489144] pci 0000:00:15.5: [15ad:07a0] type 01 class 0x060400
Jun 13 21:51:21 namenode kernel: [    0.490474] pci 0000:00:15.5: PME# supported from D0 D3hot D3cold
Jun 13 21:51:21 namenode kernel: [    0.490810] pci 0000:00:15.5: System wakeup disabled by ACPI
Jun 13 21:51:21 namenode kernel: [    0.491313] pci 0000:00:15.6: [15ad:07a0] type 01 class 0x060400
Jun 13 21:51:21 namenode kernel: [    0.492727] pci 0000:00:15.6: PME# supported from D0 D3hot D3cold
Jun 13 21:51:21 namenode kernel: [    0.493059] pci 0000:00:15.6: System wakeup disabled by ACPI
Jun 13 21:51:21 namenode kernel: [    0.493538] pci 0000:00:15.7: [15ad:07a0] type 01 class 0x060400
Jun 13 21:51:21 namenode kernel: [    0.494870] pci 0000:00:15.7: PME# supported from D0 D3hot D3cold
Jun 13 21:51:21 namenode kernel: [    0.495200] pci 0000:00:15.7: System wakeup disabled by ACPI
Jun 13 21:51:21 namenode kernel: [    0.495717] pci 0000:00:16.0: [15ad:07a0] type 01 class 0x060400
Jun 13 21:51:21 namenode kernel: [    0.497072] pci 0000:00:16.0: PME# supported from D0 D3hot D3cold
Jun 13 21:51:21 namenode kernel: [    0.497403] pci 0000:00:16.0: System wakeup disabled by ACPI
Jun 13 21:51:21 namenode kernel: [    0.497904] pci 0000:00:16.1: [15ad:07a0] type 01 class 0x060400
Jun 13 21:51:21 namenode kernel: [    0.499258] pci 0000:00:16.1: PME# supported from D0 D3hot D3cold
Jun 13 21:51:21 namenode kernel: [    0.499619] pci 0000:00:16.1: System wakeup disabled by ACPI
Jun 13 21:51:21 namenode kernel: [    0.500091] pci 0000:00:16.2: [15ad:07a0] type 01 class 0x060400
Jun 13 21:51:21 namenode kernel: [    0.501460] pci 0000:00:16.2: PME# supported from D0 D3hot D3cold
Jun 13 21:51:21 namenode kernel: [    0.501793] pci 0000:00:16.2: System wakeup disabled by ACPI
Jun 13 21:51:21 namenode kernel: [    0.502256] pci 0000:00:16.3: [15ad:07a0] type 01 class 0x060400
Jun 13 21:51:21 namenode kernel: [    0.503589] pci 0000:00:16.3: PME# supported from D0 D3hot D3cold
Jun 13 21:51:21 namenode kernel: [    0.503918] pci 0000:00:16.3: System wakeup disabled by ACPI
Jun 13 21:51:21 namenode kernel: [    0.504383] pci 0000:00:16.4: [15ad:07a0] type 01 class 0x060400
Jun 13 21:51:21 namenode kernel: [    0.505746] pci 0000:00:16.4: PME# supported from D0 D3hot D3cold
Jun 13 21:51:21 namenode kernel: [    0.506076] pci 0000:00:16.4: System wakeup disabled by ACPI
Jun 13 21:51:21 namenode kernel: [    0.506538] pci 0000:00:16.5: [15ad:07a0] type 01 class 0x060400
Jun 13 21:51:21 namenode kernel: [    0.507883] pci 0000:00:16.5: PME# supported from D0 D3hot D3cold
Jun 13 21:51:21 namenode kernel: [    0.508213] pci 0000:00:16.5: System wakeup disabled by ACPI
Jun 13 21:51:21 namenode kernel: [    0.508702] pci 0000:00:16.6: [15ad:07a0] type 01 class 0x060400
Jun 13 21:51:21 namenode kernel: [    0.510037] pci 0000:00:16.6: PME# supported from D0 D3hot D3cold
Jun 13 21:51:21 namenode kernel: [    0.510370] pci 0000:00:16.6: System wakeup disabled by ACPI
Jun 13 21:51:21 namenode kernel: [    0.510859] pci 0000:00:16.7: [15ad:07a0] type 01 class 0x060400
Jun 13 21:51:21 namenode kernel: [    0.512219] pci 0000:00:16.7: PME# supported from D0 D3hot D3cold
Jun 13 21:51:21 namenode kernel: [    0.512549] pci 0000:00:16.7: System wakeup disabled by ACPI
Jun 13 21:51:21 namenode kernel: [    0.513063] pci 0000:00:17.0: [15ad:07a0] type 01 class 0x060400
Jun 13 21:51:21 namenode kernel: [    0.514416] pci 0000:00:17.0: PME# supported from D0 D3hot D3cold
Jun 13 21:51:21 namenode kernel: [    0.514755] pci 0000:00:17.0: System wakeup disabled by ACPI
Jun 13 21:51:21 namenode kernel: [    0.515223] pci 0000:00:17.1: [15ad:07a0] type 01 class 0x060400
Jun 13 21:51:21 namenode kernel: [    0.516598] pci 0000:00:17.1: PME# supported from D0 D3hot D3cold
Jun 13 21:51:21 namenode kernel: [    0.516929] pci 0000:00:17.1: System wakeup disabled by ACPI
Jun 13 21:51:21 namenode kernel: [    0.517396] pci 0000:00:17.2: [15ad:07a0] type 01 class 0x060400
Jun 13 21:51:21 namenode kernel: [    0.518756] pci 0000:00:17.2: PME# supported from D0 D3hot D3cold
Jun 13 21:51:21 namenode kernel: [    0.519087] pci 0000:00:17.2: System wakeup disabled by ACPI
Jun 13 21:51:21 namenode kernel: [    0.519550] pci 0000:00:17.3: [15ad:07a0] type 01 class 0x060400
Jun 13 21:51:21 namenode kernel: [    0.520926] pci 0000:00:17.3: PME# supported from D0 D3hot D3cold
Jun 13 21:51:21 namenode kernel: [    0.521257] pci 0000:00:17.3: System wakeup disabled by ACPI
Jun 13 21:51:21 namenode kernel: [    0.521763] pci 0000:00:17.4: [15ad:07a0] type 01 class 0x060400
Jun 13 21:51:21 namenode kernel: [    0.523110] pci 0000:00:17.4: PME# supported from D0 D3hot D3cold
Jun 13 21:51:21 namenode kernel: [    0.523441] pci 0000:00:17.4: System wakeup disabled by ACPI
Jun 13 21:51:21 namenode kernel: [    0.523926] pci 0000:00:17.5: [15ad:07a0] type 01 class 0x060400
Jun 13 21:51:21 namenode kernel: [    0.525285] pci 0000:00:17.5: PME# supported from D0 D3hot D3cold
Jun 13 21:51:21 namenode kernel: [    0.525635] pci 0000:00:17.5: System wakeup disabled by ACPI
Jun 13 21:51:21 namenode kernel: [    0.526103] pci 0000:00:17.6: [15ad:07a0] type 01 class 0x060400
Jun 13 21:51:21 namenode kernel: [    0.527468] pci 0000:00:17.6: PME# supported from D0 D3hot D3cold
Jun 13 21:51:21 namenode kernel: [    0.527814] pci 0000:00:17.6: System wakeup disabled by ACPI
Jun 13 21:51:21 namenode kernel: [    0.528298] pci 0000:00:17.7: [15ad:07a0] type 01 class 0x060400
Jun 13 21:51:21 namenode kernel: [    0.529670] pci 0000:00:17.7: PME# supported from D0 D3hot D3cold
Jun 13 21:51:21 namenode kernel: [    0.530003] pci 0000:00:17.7: System wakeup disabled by ACPI
Jun 13 21:51:21 namenode kernel: [    0.530481] pci 0000:00:18.0: [15ad:07a0] type 01 class 0x060400
Jun 13 21:51:21 namenode kernel: [    0.531838] pci 0000:00:18.0: PME# supported from D0 D3hot D3cold
Jun 13 21:51:21 namenode kernel: [    0.532174] pci 0000:00:18.0: System wakeup disabled by ACPI
Jun 13 21:51:21 namenode kernel: [    0.532662] pci 0000:00:18.1: [15ad:07a0] type 01 class 0x060400
Jun 13 21:51:21 namenode kernel: [    0.533992] pci 0000:00:18.1: PME# supported from D0 D3hot D3cold
Jun 13 21:51:21 namenode kernel: [    0.534321] pci 0000:00:18.1: System wakeup disabled by ACPI
Jun 13 21:51:21 namenode kernel: [    0.534785] pci 0000:00:18.2: [15ad:07a0] type 01 class 0x060400
Jun 13 21:51:21 namenode kernel: [    0.536134] pci 0000:00:18.2: PME# supported from D0 D3hot D3cold
Jun 13 21:51:21 namenode kernel: [    0.536463] pci 0000:00:18.2: System wakeup disabled by ACPI
Jun 13 21:51:21 namenode kernel: [    0.536961] pci 0000:00:18.3: [15ad:07a0] type 01 class 0x060400
Jun 13 21:51:21 namenode kernel: [    0.538302] pci 0000:00:18.3: PME# supported from D0 D3hot D3cold
Jun 13 21:51:21 namenode kernel: [    0.538656] pci 0000:00:18.3: System wakeup disabled by ACPI
Jun 13 21:51:21 namenode kernel: [    0.539117] pci 0000:00:18.4: [15ad:07a0] type 01 class 0x060400
Jun 13 21:51:21 namenode kernel: [    0.540447] pci 0000:00:18.4: PME# supported from D0 D3hot D3cold
Jun 13 21:51:21 namenode kernel: [    0.540827] pci 0000:00:18.4: System wakeup disabled by ACPI
Jun 13 21:51:21 namenode kernel: [    0.541309] pci 0000:00:18.5: [15ad:07a0] type 01 class 0x060400
Jun 13 21:51:21 namenode kernel: [    0.542690] pci 0000:00:18.5: PME# supported from D0 D3hot D3cold
Jun 13 21:51:21 namenode kernel: [    0.543053] pci 0000:00:18.5: System wakeup disabled by ACPI
Jun 13 21:51:21 namenode kernel: [    0.543536] pci 0000:00:18.6: [15ad:07a0] type 01 class 0x060400
Jun 13 21:51:21 namenode kernel: [    0.544908] pci 0000:00:18.6: PME# supported from D0 D3hot D3cold
Jun 13 21:51:21 namenode kernel: [    0.545252] pci 0000:00:18.6: System wakeup disabled by ACPI
Jun 13 21:51:21 namenode kernel: [    0.545715] pci 0000:00:18.7: [15ad:07a0] type 01 class 0x060400
Jun 13 21:51:21 namenode kernel: [    0.547051] pci 0000:00:18.7: PME# supported from D0 D3hot D3cold
Jun 13 21:51:21 namenode kernel: [    0.547381] pci 0000:00:18.7: System wakeup disabled by ACPI
Jun 13 21:51:21 namenode kernel: [    0.548517] pci 0000:00:01.0: PCI bridge to [bus 01]
Jun 13 21:51:21 namenode kernel: [    0.549529] acpiphp: Slot [32] registered
Jun 13 21:51:21 namenode kernel: [    0.549764] acpiphp: Slot [33] registered
Jun 13 21:51:21 namenode kernel: [    0.549977] acpiphp: Slot [34] registered
Jun 13 21:51:21 namenode kernel: [    0.550197] acpiphp: Slot [35] registered
Jun 13 21:51:21 namenode kernel: [    0.550410] acpiphp: Slot [36] registered
Jun 13 21:51:21 namenode kernel: [    0.550619] acpiphp: Slot [37] registered
Jun 13 21:51:21 namenode kernel: [    0.550892] acpiphp: Slot [38] registered
Jun 13 21:51:21 namenode kernel: [    0.551103] acpiphp: Slot [39] registered
Jun 13 21:51:21 namenode kernel: [    0.551314] acpiphp: Slot [40] registered
Jun 13 21:51:21 namenode kernel: [    0.551524] acpiphp: Slot [41] registered
Jun 13 21:51:21 namenode kernel: [    0.551759] acpiphp: Slot [42] registered
Jun 13 21:51:21 namenode kernel: [    0.551972] acpiphp: Slot [43] registered
Jun 13 21:51:21 namenode kernel: [    0.552182] acpiphp: Slot [44] registered
Jun 13 21:51:21 namenode kernel: [    0.552392] acpiphp: Slot [45] registered
Jun 13 21:51:21 namenode kernel: [    0.552615] acpiphp: Slot [46] registered
Jun 13 21:51:21 namenode kernel: [    0.552844] acpiphp: Slot [47] registered
Jun 13 21:51:21 namenode kernel: [    0.553054] acpiphp: Slot [48] registered
Jun 13 21:51:21 namenode kernel: [    0.553272] acpiphp: Slot [49] registered
Jun 13 21:51:21 namenode kernel: [    0.553484] acpiphp: Slot [50] registered
Jun 13 21:51:21 namenode kernel: [    0.553712] acpiphp: Slot [51] registered
Jun 13 21:51:21 namenode kernel: [    0.553922] acpiphp: Slot [52] registered
Jun 13 21:51:21 namenode kernel: [    0.554133] acpiphp: Slot [53] registered
Jun 13 21:51:21 namenode kernel: [    0.554343] acpiphp: Slot [54] registered
Jun 13 21:51:21 namenode kernel: [    0.554553] acpiphp: Slot [55] registered
Jun 13 21:51:21 namenode kernel: [    0.554791] acpiphp: Slot [56] registered
Jun 13 21:51:21 namenode kernel: [    0.555004] acpiphp: Slot [57] registered
Jun 13 21:51:21 namenode kernel: [    0.555215] acpiphp: Slot [58] registered
Jun 13 21:51:21 namenode kernel: [    0.555449] acpiphp: Slot [59] registered
Jun 13 21:51:21 namenode kernel: [    0.555666] acpiphp: Slot [60] registered
Jun 13 21:51:21 namenode kernel: [    0.555878] acpiphp: Slot [61] registered
Jun 13 21:51:21 namenode kernel: [    0.556098] acpiphp: Slot [62] registered
Jun 13 21:51:21 namenode kernel: [    0.556311] acpiphp: Slot [63] registered
Jun 13 21:51:21 namenode kernel: [    0.556603] pci 0000:02:00.0: [15ad:0774] type 00 class 0x0c0300
Jun 13 21:51:21 namenode kernel: [    0.558930] pci 0000:02:00.0: reg 0x20: [io  0x2080-0x209f]
Jun 13 21:51:21 namenode kernel: [    0.560142] pci 0000:02:00.0: System wakeup disabled by ACPI
Jun 13 21:51:21 namenode kernel: [    0.560565] pci 0000:02:01.0: [8086:100f] type 00 class 0x020000
Jun 13 21:51:21 namenode kernel: [    0.561784] pci 0000:02:01.0: reg 0x10: [mem 0xfd5c0000-0xfd5dffff 64bit]
Jun 13 21:51:21 namenode kernel: [    0.562820] pci 0000:02:01.0: reg 0x18: [mem 0xfdff0000-0xfdffffff 64bit]
Jun 13 21:51:21 namenode kernel: [    0.563803] pci 0000:02:01.0: reg 0x20: [io  0x2000-0x203f]
Jun 13 21:51:21 namenode kernel: [    0.565717] pci 0000:02:01.0: reg 0x30: [mem 0x00000000-0x0000ffff pref]
Jun 13 21:51:21 namenode kernel: [    0.566453] pci 0000:02:01.0: System wakeup disabled by ACPI
Jun 13 21:51:21 namenode kernel: [    0.566814] pci 0000:02:02.0: [1274:1371] type 00 class 0x040100
Jun 13 21:51:21 namenode kernel: [    0.567423] pci 0000:02:02.0: reg 0x10: [io  0x2040-0x207f]
Jun 13 21:51:21 namenode kernel: [    0.570979] pci 0000:02:02.0: System wakeup disabled by ACPI
Jun 13 21:51:21 namenode kernel: [    0.571330] pci 0000:02:03.0: [15ad:0770] type 00 class 0x0c0320
Jun 13 21:51:21 namenode kernel: [    0.571819] pci 0000:02:03.0: reg 0x10: [mem 0xfd5ef000-0xfd5effff]
Jun 13 21:51:21 namenode kernel: [    0.574609] pci 0000:02:03.0: System wakeup disabled by ACPI
Jun 13 21:51:21 namenode kernel: [    0.575102] pci 0000:02:05.0: [15ad:07e0] type 00 class 0x010601
Jun 13 21:51:21 namenode kernel: [    0.577827] pci 0000:02:05.0: reg 0x24: [mem 0xfd5ee000-0xfd5eefff]
Jun 13 21:51:21 namenode kernel: [    0.578253] pci 0000:02:05.0: reg 0x30: [mem 0x00000000-0x0000ffff pref]
Jun 13 21:51:21 namenode kernel: [    0.578966] pci 0000:02:05.0: PME# supported from D3hot
Jun 13 21:51:21 namenode kernel: [    0.579206] pci 0000:02:05.0: System wakeup disabled by ACPI
Jun 13 21:51:21 namenode kernel: [    0.579936] pci 0000:00:11.0: PCI bridge to [bus 02] (subtractive decode)
Jun 13 21:51:21 namenode kernel: [    0.580183] pci 0000:00:11.0:   bridge window [io  0x2000-0x3fff]
Jun 13 21:51:21 namenode kernel: [    0.580223] pci 0000:00:11.0:   bridge window [mem 0xfd500000-0xfdffffff]
Jun 13 21:51:21 namenode kernel: [    0.580296] pci 0000:00:11.0:   bridge window [mem 0xe7b00000-0xe7ffffff 64bit pref]
Jun 13 21:51:21 namenode kernel: [    0.580300] pci 0000:00:11.0:   bridge window [mem 0x000a0000-0x000bffff] (subtractive decode)
Jun 13 21:51:21 namenode kernel: [    0.580302] pci 0000:00:11.0:   bridge window [mem 0x000d0000-0x000d3fff] (subtractive decode)
Jun 13 21:51:21 namenode kernel: [    0.580305] pci 0000:00:11.0:   bridge window [mem 0x000d4000-0x000d7fff] (subtractive decode)
Jun 13 21:51:21 namenode kernel: [    0.580307] pci 0000:00:11.0:   bridge window [mem 0x000d8000-0x000dbfff] (subtractive decode)
Jun 13 21:51:21 namenode kernel: [    0.580309] pci 0000:00:11.0:   bridge window [mem 0xc0000000-0xfebfffff] (subtractive decode)
Jun 13 21:51:21 namenode kernel: [    0.580311] pci 0000:00:11.0:   bridge window [io  0x0000-0x0cf7] (subtractive decode)
Jun 13 21:51:21 namenode kernel: [    0.580314] pci 0000:00:11.0:   bridge window [io  0x0d00-0xfeff] (subtractive decode)
Jun 13 21:51:21 namenode kernel: [    0.581221] pci 0000:00:15.0: PCI bridge to [bus 03]
Jun 13 21:51:21 namenode kernel: [    0.581446] pci 0000:00:15.0:   bridge window [io  0x4000-0x4fff]
Jun 13 21:51:21 namenode kernel: [    0.581485] pci 0000:00:15.0:   bridge window [mem 0xfd400000-0xfd4fffff]
Jun 13 21:51:21 namenode kernel: [    0.581559] pci 0000:00:15.0:   bridge window [mem 0xe7a00000-0xe7afffff 64bit pref]
Jun 13 21:51:21 namenode kernel: [    0.582374] pci 0000:00:15.1: PCI bridge to [bus 04]
Jun 13 21:51:21 namenode kernel: [    0.582599] pci 0000:00:15.1:   bridge window [io  0x8000-0x8fff]
Jun 13 21:51:21 namenode kernel: [    0.582638] pci 0000:00:15.1:   bridge window [mem 0xfd000000-0xfd0fffff]
Jun 13 21:51:21 namenode kernel: [    0.582739] pci 0000:00:15.1:   bridge window [mem 0xe7600000-0xe76fffff 64bit pref]
Jun 13 21:51:21 namenode kernel: [    0.583552] pci 0000:00:15.2: PCI bridge to [bus 05]
Jun 13 21:51:21 namenode kernel: [    0.583794] pci 0000:00:15.2:   bridge window [io  0xc000-0xcfff]
Jun 13 21:51:21 namenode kernel: [    0.583833] pci 0000:00:15.2:   bridge window [mem 0xfcc00000-0xfccfffff]
Jun 13 21:51:21 namenode kernel: [    0.583906] pci 0000:00:15.2:   bridge window [mem 0xe7200000-0xe72fffff 64bit pref]
Jun 13 21:51:21 namenode kernel: [    0.584752] pci 0000:00:15.3: PCI bridge to [bus 06]
Jun 13 21:51:21 namenode kernel: [    0.585014] pci 0000:00:15.3:   bridge window [mem 0xfc800000-0xfc8fffff]
Jun 13 21:51:21 namenode kernel: [    0.585087] pci 0000:00:15.3:   bridge window [mem 0xe6e00000-0xe6efffff 64bit pref]
Jun 13 21:51:21 namenode kernel: [    0.585935] pci 0000:00:15.4: PCI bridge to [bus 07]
Jun 13 21:51:21 namenode kernel: [    0.586196] pci 0000:00:15.4:   bridge window [mem 0xfc400000-0xfc4fffff]
Jun 13 21:51:21 namenode kernel: [    0.586269] pci 0000:00:15.4:   bridge window [mem 0xe6a00000-0xe6afffff 64bit pref]
Jun 13 21:51:21 namenode kernel: [    0.587096] pci 0000:00:15.5: PCI bridge to [bus 08]
Jun 13 21:51:21 namenode kernel: [    0.587354] pci 0000:00:15.5:   bridge window [mem 0xfc000000-0xfc0fffff]
Jun 13 21:51:21 namenode kernel: [    0.587427] pci 0000:00:15.5:   bridge window [mem 0xe6600000-0xe66fffff 64bit pref]
Jun 13 21:51:21 namenode kernel: [    0.588241] pci 0000:00:15.6: PCI bridge to [bus 09]
Jun 13 21:51:21 namenode kernel: [    0.588500] pci 0000:00:15.6:   bridge window [mem 0xfbc00000-0xfbcfffff]
Jun 13 21:51:21 namenode kernel: [    0.588573] pci 0000:00:15.6:   bridge window [mem 0xe6200000-0xe62fffff 64bit pref]
Jun 13 21:51:21 namenode kernel: [    0.589396] pci 0000:00:15.7: PCI bridge to [bus 0a]
Jun 13 21:51:21 namenode kernel: [    0.589655] pci 0000:00:15.7:   bridge window [mem 0xfb800000-0xfb8fffff]
Jun 13 21:51:21 namenode kernel: [    0.589743] pci 0000:00:15.7:   bridge window [mem 0xe5e00000-0xe5efffff 64bit pref]
Jun 13 21:51:21 namenode kernel: [    0.590533] pci 0000:00:16.0: PCI bridge to [bus 0b]
Jun 13 21:51:21 namenode kernel: [    0.590778] pci 0000:00:16.0:   bridge window [io  0x5000-0x5fff]
Jun 13 21:51:21 namenode kernel: [    0.590817] pci 0000:00:16.0:   bridge window [mem 0xfd300000-0xfd3fffff]
Jun 13 21:51:21 namenode kernel: [    0.590890] pci 0000:00:16.0:   bridge window [mem 0xe7900000-0xe79fffff 64bit pref]
Jun 13 21:51:21 namenode kernel: [    0.591689] pci 0000:00:16.1: PCI bridge to [bus 0c]
Jun 13 21:51:21 namenode kernel: [    0.591958] pci 0000:00:16.1:   bridge window [io  0x9000-0x9fff]
Jun 13 21:51:21 namenode kernel: [    0.591997] pci 0000:00:16.1:   bridge window [mem 0xfcf00000-0xfcffffff]
Jun 13 21:51:21 namenode kernel: [    0.592070] pci 0000:00:16.1:   bridge window [mem 0xe7500000-0xe75fffff 64bit pref]
Jun 13 21:51:21 namenode kernel: [    0.592908] pci 0000:00:16.2: PCI bridge to [bus 0d]
Jun 13 21:51:21 namenode kernel: [    0.593133] pci 0000:00:16.2:   bridge window [io  0xd000-0xdfff]
Jun 13 21:51:21 namenode kernel: [    0.593172] pci 0000:00:16.2:   bridge window [mem 0xfcb00000-0xfcbfffff]
Jun 13 21:51:21 namenode kernel: [    0.593245] pci 0000:00:16.2:   bridge window [mem 0xe7100000-0xe71fffff 64bit pref]
Jun 13 21:51:21 namenode kernel: [    0.594055] pci 0000:00:16.3: PCI bridge to [bus 0e]
Jun 13 21:51:21 namenode kernel: [    0.594314] pci 0000:00:16.3:   bridge window [mem 0xfc700000-0xfc7fffff]
Jun 13 21:51:21 namenode kernel: [    0.594387] pci 0000:00:16.3:   bridge window [mem 0xe6d00000-0xe6dfffff 64bit pref]
Jun 13 21:51:21 namenode kernel: [    0.595200] pci 0000:00:16.4: PCI bridge to [bus 0f]
Jun 13 21:51:21 namenode kernel: [    0.595458] pci 0000:00:16.4:   bridge window [mem 0xfc300000-0xfc3fffff]
Jun 13 21:51:21 namenode kernel: [    0.595531] pci 0000:00:16.4:   bridge window [mem 0xe6900000-0xe69fffff 64bit pref]
Jun 13 21:51:21 namenode kernel: [    0.596333] pci 0000:00:16.5: PCI bridge to [bus 10]
Jun 13 21:51:21 namenode kernel: [    0.596591] pci 0000:00:16.5:   bridge window [mem 0xfbf00000-0xfbffffff]
Jun 13 21:51:21 namenode kernel: [    0.596677] pci 0000:00:16.5:   bridge window [mem 0xe6500000-0xe65fffff 64bit pref]
Jun 13 21:51:21 namenode kernel: [    0.597474] pci 0000:00:16.6: PCI bridge to [bus 11]
Jun 13 21:51:21 namenode kernel: [    0.597735] pci 0000:00:16.6:   bridge window [mem 0xfbb00000-0xfbbfffff]
Jun 13 21:51:21 namenode kernel: [    0.597808] pci 0000:00:16.6:   bridge window [mem 0xe6100000-0xe61fffff 64bit pref]
Jun 13 21:51:21 namenode kernel: [    0.598608] pci 0000:00:16.7: PCI bridge to [bus 12]
Jun 13 21:51:21 namenode kernel: [    0.598902] pci 0000:00:16.7:   bridge window [mem 0xfb700000-0xfb7fffff]
Jun 13 21:51:21 namenode kernel: [    0.598975] pci 0000:00:16.7:   bridge window [mem 0xe5d00000-0xe5dfffff 64bit pref]
Jun 13 21:51:21 namenode kernel: [    0.599796] pci 0000:00:17.0: PCI bridge to [bus 13]
Jun 13 21:51:21 namenode kernel: [    0.600021] pci 0000:00:17.0:   bridge window [io  0x6000-0x6fff]
Jun 13 21:51:21 namenode kernel: [    0.600060] pci 0000:00:17.0:   bridge window [mem 0xfd200000-0xfd2fffff]
Jun 13 21:51:21 namenode kernel: [    0.600133] pci 0000:00:17.0:   bridge window [mem 0xe7800000-0xe78fffff 64bit pref]
Jun 13 21:51:21 namenode kernel: [    0.600992] pci 0000:00:17.1: PCI bridge to [bus 14]
Jun 13 21:51:21 namenode kernel: [    0.601217] pci 0000:00:17.1:   bridge window [io  0xa000-0xafff]
Jun 13 21:51:21 namenode kernel: [    0.601256] pci 0000:00:17.1:   bridge window [mem 0xfce00000-0xfcefffff]
Jun 13 21:51:21 namenode kernel: [    0.601329] pci 0000:00:17.1:   bridge window [mem 0xe7400000-0xe74fffff 64bit pref]
Jun 13 21:51:21 namenode kernel: [    0.602145] pci 0000:00:17.2: PCI bridge to [bus 15]
Jun 13 21:51:21 namenode kernel: [    0.602369] pci 0000:00:17.2:   bridge window [io  0xe000-0xefff]
Jun 13 21:51:21 namenode kernel: [    0.602408] pci 0000:00:17.2:   bridge window [mem 0xfca00000-0xfcafffff]
Jun 13 21:51:21 namenode kernel: [    0.602481] pci 0000:00:17.2:   bridge window [mem 0xe7000000-0xe70fffff 64bit pref]
Jun 13 21:51:21 namenode kernel: [    0.603290] pci 0000:00:17.3: PCI bridge to [bus 16]
Jun 13 21:51:21 namenode kernel: [    0.603549] pci 0000:00:17.3:   bridge window [mem 0xfc600000-0xfc6fffff]
Jun 13 21:51:21 namenode kernel: [    0.603622] pci 0000:00:17.3:   bridge window [mem 0xe6c00000-0xe6cfffff 64bit pref]
Jun 13 21:51:21 namenode kernel: [    0.604416] pci 0000:00:17.4: PCI bridge to [bus 17]
Jun 13 21:51:21 namenode kernel: [    0.604687] pci 0000:00:17.4:   bridge window [mem 0xfc200000-0xfc2fffff]
Jun 13 21:51:21 namenode kernel: [    0.604764] pci 0000:00:17.4:   bridge window [mem 0xe6800000-0xe68fffff 64bit pref]
Jun 13 21:51:21 namenode kernel: [    0.605565] pci 0000:00:17.5: PCI bridge to [bus 18]
Jun 13 21:51:21 namenode kernel: [    0.605841] pci 0000:00:17.5:   bridge window [mem 0xfbe00000-0xfbefffff]
Jun 13 21:51:21 namenode kernel: [    0.605914] pci 0000:00:17.5:   bridge window [mem 0xe6400000-0xe64fffff 64bit pref]
Jun 13 21:51:21 namenode kernel: [    0.606714] pci 0000:00:17.6: PCI bridge to [bus 19]
Jun 13 21:51:21 namenode kernel: [    0.606996] pci 0000:00:17.6:   bridge window [mem 0xfba00000-0xfbafffff]
Jun 13 21:51:21 namenode kernel: [    0.607069] pci 0000:00:17.6:   bridge window [mem 0xe6000000-0xe60fffff 64bit pref]
Jun 13 21:51:21 namenode kernel: [    0.607907] pci 0000:00:17.7: PCI bridge to [bus 1a]
Jun 13 21:51:21 namenode kernel: [    0.608166] pci 0000:00:17.7:   bridge window [mem 0xfb600000-0xfb6fffff]
Jun 13 21:51:21 namenode kernel: [    0.608239] pci 0000:00:17.7:   bridge window [mem 0xe5c00000-0xe5cfffff 64bit pref]
Jun 13 21:51:21 namenode kernel: [    0.609073] pci 0000:00:18.0: PCI bridge to [bus 1b]
Jun 13 21:51:21 namenode kernel: [    0.609298] pci 0000:00:18.0:   bridge window [io  0x7000-0x7fff]
Jun 13 21:51:21 namenode kernel: [    0.609337] pci 0000:00:18.0:   bridge window [mem 0xfd100000-0xfd1fffff]
Jun 13 21:51:21 namenode kernel: [    0.609410] pci 0000:00:18.0:   bridge window [mem 0xe7700000-0xe77fffff 64bit pref]
Jun 13 21:51:21 namenode kernel: [    0.610244] pci 0000:00:18.1: PCI bridge to [bus 1c]
Jun 13 21:51:21 namenode kernel: [    0.610468] pci 0000:00:18.1:   bridge window [io  0xb000-0xbfff]
Jun 13 21:51:21 namenode kernel: [    0.610507] pci 0000:00:18.1:   bridge window [mem 0xfcd00000-0xfcdfffff]
Jun 13 21:51:21 namenode kernel: [    0.610580] pci 0000:00:18.1:   bridge window [mem 0xe7300000-0xe73fffff 64bit pref]
Jun 13 21:51:21 namenode kernel: [    0.611438] pci 0000:00:18.2: PCI bridge to [bus 1d]
Jun 13 21:51:21 namenode kernel: [    0.611697] pci 0000:00:18.2:   bridge window [mem 0xfc900000-0xfc9fffff]
Jun 13 21:51:21 namenode kernel: [    0.611772] pci 0000:00:18.2:   bridge window [mem 0xe6f00000-0xe6ffffff 64bit pref]
Jun 13 21:51:21 namenode kernel: [    0.612566] pci 0000:00:18.3: PCI bridge to [bus 1e]
Jun 13 21:51:21 namenode kernel: [    0.612861] pci 0000:00:18.3:   bridge window [mem 0xfc500000-0xfc5fffff]
Jun 13 21:51:21 namenode kernel: [    0.612934] pci 0000:00:18.3:   bridge window [mem 0xe6b00000-0xe6bfffff 64bit pref]
Jun 13 21:51:21 namenode kernel: [    0.613766] pci 0000:00:18.4: PCI bridge to [bus 1f]
Jun 13 21:51:21 namenode kernel: [    0.614026] pci 0000:00:18.4:   bridge window [mem 0xfc100000-0xfc1fffff]
Jun 13 21:51:21 namenode kernel: [    0.614099] pci 0000:00:18.4:   bridge window [mem 0xe6700000-0xe67fffff 64bit pref]
Jun 13 21:51:21 namenode kernel: [    0.614936] pci 0000:00:18.5: PCI bridge to [bus 20]
Jun 13 21:51:21 namenode kernel: [    0.615195] pci 0000:00:18.5:   bridge window [mem 0xfbd00000-0xfbdfffff]
Jun 13 21:51:21 namenode kernel: [    0.615269] pci 0000:00:18.5:   bridge window [mem 0xe6300000-0xe63fffff 64bit pref]
Jun 13 21:51:21 namenode kernel: [    0.616081] pci 0000:00:18.6: PCI bridge to [bus 21]
Jun 13 21:51:21 namenode kernel: [    0.616339] pci 0000:00:18.6:   bridge window [mem 0xfb900000-0xfb9fffff]
Jun 13 21:51:21 namenode kernel: [    0.616412] pci 0000:00:18.6:   bridge window [mem 0xe5f00000-0xe5ffffff 64bit pref]
Jun 13 21:51:21 namenode kernel: [    0.617254] pci 0000:00:18.7: PCI bridge to [bus 22]
Jun 13 21:51:21 namenode kernel: [    0.617513] pci 0000:00:18.7:   bridge window [mem 0xfb500000-0xfb5fffff]
Jun 13 21:51:21 namenode kernel: [    0.617586] pci 0000:00:18.7:   bridge window [mem 0xe5b00000-0xe5bfffff 64bit pref]
Jun 13 21:51:21 namenode kernel: [    0.622425] ACPI: PCI Interrupt Link [LNKA] (IRQs 3 4 5 6 7 *9 10 11 14 15)
Jun 13 21:51:21 namenode kernel: [    0.623274] ACPI: PCI Interrupt Link [LNKB] (IRQs 3 4 5 6 7 9 10 *11 14 15)
Jun 13 21:51:21 namenode kernel: [    0.624116] ACPI: PCI Interrupt Link [LNKC] (IRQs 3 4 5 6 7 9 *10 11 14 15)
Jun 13 21:51:21 namenode kernel: [    0.624970] ACPI: PCI Interrupt Link [LNKD] (IRQs 3 4 *5 6 7 9 10 11 14 15)
Jun 13 21:51:21 namenode kernel: [    0.643259] ACPI: Enabled 2 GPEs in block 00 to 0F
Jun 13 21:51:21 namenode kernel: [    0.643797] vgaarb: setting as boot device: PCI:0000:00:0f.0
Jun 13 21:51:21 namenode kernel: [    0.643997] vgaarb: device added: PCI:0000:00:0f.0,decodes=io+mem,owns=io+mem,locks=none
Jun 13 21:51:21 namenode kernel: [    0.644310] vgaarb: loaded
Jun 13 21:51:21 namenode kernel: [    0.644465] vgaarb: bridge control possible 0000:00:0f.0
Jun 13 21:51:21 namenode kernel: [    0.645093] SCSI subsystem initialized
Jun 13 21:51:21 namenode kernel: [    0.645377] libata version 3.00 loaded.
Jun 13 21:51:21 namenode kernel: [    0.645491] ACPI: bus type USB registered
Jun 13 21:51:21 namenode kernel: [    0.645704] usbcore: registered new interface driver usbfs
Jun 13 21:51:21 namenode kernel: [    0.645931] usbcore: registered new interface driver hub
Jun 13 21:51:21 namenode kernel: [    0.646160] usbcore: registered new device driver usb
Jun 13 21:51:21 namenode kernel: [    0.646648] PCI: Using ACPI for IRQ routing
Jun 13 21:51:21 namenode kernel: [    0.696923] PCI: pci_cache_line_size set to 64 bytes
Jun 13 21:51:21 namenode kernel: [    0.698575] e820: reserve RAM buffer [mem 0x0009ec00-0x0009ffff]
Jun 13 21:51:21 namenode kernel: [    0.698579] e820: reserve RAM buffer [mem 0x3fee0000-0x3fffffff]
Jun 13 21:51:21 namenode kernel: [    0.698846] NetLabel: Initializing
Jun 13 21:51:21 namenode kernel: [    0.699044] NetLabel:  domain hash size = 128
Jun 13 21:51:21 namenode kernel: [    0.699219] NetLabel:  protocols = UNLABELED CIPSOv4
Jun 13 21:51:21 namenode kernel: [    0.699434] NetLabel:  unlabeled traffic allowed by default
Jun 13 21:51:21 namenode kernel: [    0.699927] hpet0: at MMIO 0xfed00000, IRQs 2, 8, 0, 0, 0, 0, 0, 0, 0, 0, 0, 0, 0, 0, 0, 0
Jun 13 21:51:21 namenode kernel: [    0.701005] hpet0: 16 comparators, 64-bit 14.318180 MHz counter
Jun 13 21:51:21 namenode kernel: [    0.704488] Switched to clocksource hpet
Jun 13 21:51:21 namenode kernel: [    0.718495] AppArmor: AppArmor Filesystem Enabled
Jun 13 21:51:21 namenode kernel: [    0.719198] pnp: PnP ACPI init
Jun 13 21:51:21 namenode kernel: [    0.719692] system 00:00: [io  0x1000-0x103f] could not be reserved
Jun 13 21:51:21 namenode kernel: [    0.719901] system 00:00: [io  0x1040-0x104f] has been reserved
Jun 13 21:51:21 namenode kernel: [    0.720119] system 00:00: [io  0x0cf0-0x0cf1] has been reserved
Jun 13 21:51:21 namenode kernel: [    0.720318] system 00:00: Plug and Play ACPI device, IDs PNP0c02 (active)
Jun 13 21:51:21 namenode kernel: [    0.720398] pnp 00:01: Plug and Play ACPI device, IDs PNP0b00 (active)
Jun 13 21:51:21 namenode kernel: [    0.720452] pnp 00:02: Plug and Play ACPI device, IDs PNP0303 (active)
Jun 13 21:51:21 namenode kernel: [    0.720499] pnp 00:03: Plug and Play ACPI device, IDs PNP0f13 (active)
Jun 13 21:51:21 namenode kernel: [    0.720877] system 00:04: [mem 0xfed00000-0xfed003ff] has been reserved
Jun 13 21:51:21 namenode kernel: [    0.721110] system 00:04: Plug and Play ACPI device, IDs PNP0103 PNP0c01 (active)
Jun 13 21:51:21 namenode kernel: [    0.724097] pnp 00:05: Plug and Play ACPI device, IDs PNP0400 (active)
Jun 13 21:51:21 namenode kernel: [    0.724508] pnp 00:06: Plug and Play ACPI device, IDs PNP0501 (active)
Jun 13 21:51:21 namenode kernel: [    0.724893] pnp 00:07: Plug and Play ACPI device, IDs PNP0501 (active)
Jun 13 21:51:21 namenode kernel: [    0.725213] pnp 00:08: [dma 2]
Jun 13 21:51:21 namenode kernel: [    0.725278] pnp 00:08: Plug and Play ACPI device, IDs PNP0700 (active)
Jun 13 21:51:21 namenode kernel: [    0.725618] system 00:09: [io  0xfce0-0xfcff] has been reserved
Jun 13 21:51:21 namenode kernel: [    0.725826] system 00:09: [mem 0xf0000000-0xf7ffffff] has been reserved
Jun 13 21:51:21 namenode kernel: [    0.726055] system 00:09: [mem 0xfe800000-0xfe9fffff] has been reserved
Jun 13 21:51:21 namenode kernel: [    0.726262] system 00:09: Plug and Play ACPI device, IDs PNP0c02 (active)
Jun 13 21:51:21 namenode kernel: [    0.736018] pnp: PnP ACPI: found 10 devices
Jun 13 21:51:21 namenode kernel: [    0.744238] pci 0000:00:15.3: bridge window [io  0x1000-0x0fff] to [bus 06] add_size 1000
Jun 13 21:51:21 namenode kernel: [    0.744353] pci 0000:00:15.4: bridge window [io  0x1000-0x0fff] to [bus 07] add_size 1000
Jun 13 21:51:21 namenode kernel: [    0.744465] pci 0000:00:15.5: bridge window [io  0x1000-0x0fff] to [bus 08] add_size 1000
Jun 13 21:51:21 namenode kernel: [    0.744608] pci 0000:00:15.6: bridge window [io  0x1000-0x0fff] to [bus 09] add_size 1000
Jun 13 21:51:21 namenode kernel: [    0.744716] pci 0000:00:15.7: bridge window [io  0x1000-0x0fff] to [bus 0a] add_size 1000
Jun 13 21:51:21 namenode kernel: [    0.745138] pci 0000:00:16.3: bridge window [io  0x1000-0x0fff] to [bus 0e] add_size 1000
Jun 13 21:51:21 namenode kernel: [    0.745246] pci 0000:00:16.4: bridge window [io  0x1000-0x0fff] to [bus 0f] add_size 1000
Jun 13 21:51:21 namenode kernel: [    0.745355] pci 0000:00:16.5: bridge window [io  0x1000-0x0fff] to [bus 10] add_size 1000
Jun 13 21:51:21 namenode kernel: [    0.745463] pci 0000:00:16.6: bridge window [io  0x1000-0x0fff] to [bus 11] add_size 1000
Jun 13 21:51:21 namenode kernel: [    0.745571] pci 0000:00:16.7: bridge window [io  0x1000-0x0fff] to [bus 12] add_size 1000
Jun 13 21:51:21 namenode kernel: [    0.746004] pci 0000:00:17.3: bridge window [io  0x1000-0x0fff] to [bus 16] add_size 1000
Jun 13 21:51:21 namenode kernel: [    0.746113] pci 0000:00:17.4: bridge window [io  0x1000-0x0fff] to [bus 17] add_size 1000
Jun 13 21:51:21 namenode kernel: [    0.746220] pci 0000:00:17.5: bridge window [io  0x1000-0x0fff] to [bus 18] add_size 1000
Jun 13 21:51:21 namenode kernel: [    0.746328] pci 0000:00:17.6: bridge window [io  0x1000-0x0fff] to [bus 19] add_size 1000
Jun 13 21:51:21 namenode kernel: [    0.746436] pci 0000:00:17.7: bridge window [io  0x1000-0x0fff] to [bus 1a] add_size 1000
Jun 13 21:51:21 namenode kernel: [    0.746749] pci 0000:00:18.2: bridge window [io  0x1000-0x0fff] to [bus 1d] add_size 1000
Jun 13 21:51:21 namenode kernel: [    0.746857] pci 0000:00:18.3: bridge window [io  0x1000-0x0fff] to [bus 1e] add_size 1000
Jun 13 21:51:21 namenode kernel: [    0.746966] pci 0000:00:18.4: bridge window [io  0x1000-0x0fff] to [bus 1f] add_size 1000
Jun 13 21:51:21 namenode kernel: [    0.747075] pci 0000:00:18.5: bridge window [io  0x1000-0x0fff] to [bus 20] add_size 1000
Jun 13 21:51:21 namenode kernel: [    0.747183] pci 0000:00:18.6: bridge window [io  0x1000-0x0fff] to [bus 21] add_size 1000
Jun 13 21:51:21 namenode kernel: [    0.747290] pci 0000:00:18.7: bridge window [io  0x1000-0x0fff] to [bus 22] add_size 1000
Jun 13 21:51:21 namenode kernel: [    0.747296] pci 0000:00:07.3: BAR 13: [io  0x1000-0x103f] has bogus alignment
Jun 13 21:51:21 namenode kernel: [    0.747546] pci 0000:00:15.3: res[13]=[io  0x1000-0x0fff] get_res_add_size add_size 1000
Jun 13 21:51:21 namenode kernel: [    0.747549] pci 0000:00:15.4: res[13]=[io  0x1000-0x0fff] get_res_add_size add_size 1000
Jun 13 21:51:21 namenode kernel: [    0.747551] pci 0000:00:15.5: res[13]=[io  0x1000-0x0fff] get_res_add_size add_size 1000
Jun 13 21:51:21 namenode kernel: [    0.747554] pci 0000:00:15.6: res[13]=[io  0x1000-0x0fff] get_res_add_size add_size 1000
Jun 13 21:51:21 namenode kernel: [    0.747556] pci 0000:00:15.7: res[13]=[io  0x1000-0x0fff] get_res_add_size add_size 1000
Jun 13 21:51:21 namenode kernel: [    0.747558] pci 0000:00:16.3: res[13]=[io  0x1000-0x0fff] get_res_add_size add_size 1000
Jun 13 21:51:21 namenode kernel: [    0.747560] pci 0000:00:16.4: res[13]=[io  0x1000-0x0fff] get_res_add_size add_size 1000
Jun 13 21:51:21 namenode kernel: [    0.747563] pci 0000:00:16.5: res[13]=[io  0x1000-0x0fff] get_res_add_size add_size 1000
Jun 13 21:51:21 namenode kernel: [    0.747565] pci 0000:00:16.6: res[13]=[io  0x1000-0x0fff] get_res_add_size add_size 1000
Jun 13 21:51:21 namenode kernel: [    0.747567] pci 0000:00:16.7: res[13]=[io  0x1000-0x0fff] get_res_add_size add_size 1000
Jun 13 21:51:21 namenode kernel: [    0.747569] pci 0000:00:17.3: res[13]=[io  0x1000-0x0fff] get_res_add_size add_size 1000
Jun 13 21:51:21 namenode rsyslogd-2039: Could no open output pipe '/dev/xconsole': No such file or directory [try http://www.rsyslog.com/e/2039 ]
Jun 13 21:51:21 namenode kernel: [    0.747572] pci 0000:00:17.4: res[13]=[io  0x1000-0x0fff] get_res_add_size add_size 1000
Jun 13 21:51:21 namenode kernel: [    0.747574] pci 0000:00:17.5: res[13]=[io  0x1000-0x0fff] get_res_add_size add_size 1000
Jun 13 21:51:21 namenode kernel: [    0.747576] pci 0000:00:17.6: res[13]=[io  0x1000-0x0fff] get_res_add_size add_size 1000
Jun 13 21:51:21 namenode kernel: [    0.747579] pci 0000:00:17.7: res[13]=[io  0x1000-0x0fff] get_res_add_size add_size 1000
Jun 13 21:51:21 namenode kernel: [    0.747581] pci 0000:00:18.2: res[13]=[io  0x1000-0x0fff] get_res_add_size add_size 1000
Jun 13 21:51:21 namenode kernel: [    0.747583] pci 0000:00:18.3: res[13]=[io  0x1000-0x0fff] get_res_add_size add_size 1000
Jun 13 21:51:21 namenode kernel: [    0.747585] pci 0000:00:18.4: res[13]=[io  0x1000-0x0fff] get_res_add_size add_size 1000
Jun 13 21:51:21 namenode kernel: [    0.747588] pci 0000:00:18.5: res[13]=[io  0x1000-0x0fff] get_res_add_size add_size 1000
Jun 13 21:51:21 namenode kernel: [    0.747590] pci 0000:00:18.6: res[13]=[io  0x1000-0x0fff] get_res_add_size add_size 1000
Jun 13 21:51:21 namenode kernel: [    0.747592] pci 0000:00:18.7: res[13]=[io  0x1000-0x0fff] get_res_add_size add_size 1000
Jun 13 21:51:21 namenode kernel: [    0.747601] pci 0000:00:0f.0: BAR 6: assigned [mem 0xc0000000-0xc0007fff pref]
Jun 13 21:51:21 namenode kernel: [    0.747897] pci 0000:00:10.0: BAR 6: assigned [mem 0xc0008000-0xc000bfff pref]
Jun 13 21:51:21 namenode kernel: [    0.748215] pci 0000:00:15.3: BAR 13: no space for [io  size 0x1000]
Jun 13 21:51:21 namenode kernel: [    0.748416] pci 0000:00:15.3: BAR 13: failed to assign [io  size 0x1000]
Jun 13 21:51:21 namenode kernel: [    0.748625] pci 0000:00:15.4: BAR 13: no space for [io  size 0x1000]
Jun 13 21:51:21 namenode kernel: [    0.748827] pci 0000:00:15.4: BAR 13: failed to assign [io  size 0x1000]
Jun 13 21:51:21 namenode kernel: [    0.749074] pci 0000:00:15.5: BAR 13: no space for [io  size 0x1000]
Jun 13 21:51:21 namenode kernel: [    0.749277] pci 0000:00:15.5: BAR 13: failed to assign [io  size 0x1000]
Jun 13 21:51:21 namenode kernel: [    0.749484] pci 0000:00:15.6: BAR 13: no space for [io  size 0x1000]
Jun 13 21:51:21 namenode kernel: [    0.749685] pci 0000:00:15.6: BAR 13: failed to assign [io  size 0x1000]
Jun 13 21:51:21 namenode kernel: [    0.749892] pci 0000:00:15.7: BAR 13: no space for [io  size 0x1000]
Jun 13 21:51:21 namenode kernel: [    0.750112] pci 0000:00:15.7: BAR 13: failed to assign [io  size 0x1000]
Jun 13 21:51:21 namenode kernel: [    0.750320] pci 0000:00:16.3: BAR 13: no space for [io  size 0x1000]
Jun 13 21:51:21 namenode kernel: [    0.750521] pci 0000:00:16.3: BAR 13: failed to assign [io  size 0x1000]
Jun 13 21:51:21 namenode kernel: [    0.750729] pci 0000:00:16.4: BAR 13: no space for [io  size 0x1000]
Jun 13 21:51:21 namenode kernel: [    0.750931] pci 0000:00:16.4: BAR 13: failed to assign [io  size 0x1000]
Jun 13 21:51:21 namenode kernel: [    0.751164] pci 0000:00:16.5: BAR 13: no space for [io  size 0x1000]
Jun 13 21:51:21 namenode kernel: [    0.751367] pci 0000:00:16.5: BAR 13: failed to assign [io  size 0x1000]
Jun 13 21:51:21 namenode kernel: [    0.751575] pci 0000:00:16.6: BAR 13: no space for [io  size 0x1000]
Jun 13 21:51:21 namenode kernel: [    0.751775] pci 0000:00:16.6: BAR 13: failed to assign [io  size 0x1000]
Jun 13 21:51:21 namenode kernel: [    0.752002] pci 0000:00:16.7: BAR 13: no space for [io  size 0x1000]
Jun 13 21:51:21 namenode kernel: [    0.752205] pci 0000:00:16.7: BAR 13: failed to assign [io  size 0x1000]
Jun 13 21:51:21 namenode kernel: [    0.752412] pci 0000:00:17.3: BAR 13: no space for [io  size 0x1000]
Jun 13 21:51:21 namenode kernel: [    0.752613] pci 0000:00:17.3: BAR 13: failed to assign [io  size 0x1000]
Jun 13 21:51:21 namenode kernel: [    0.752821] pci 0000:00:17.4: BAR 13: no space for [io  size 0x1000]
Jun 13 21:51:21 namenode kernel: [    0.753066] pci 0000:00:17.4: BAR 13: failed to assign [io  size 0x1000]
Jun 13 21:51:21 namenode kernel: [    0.753277] pci 0000:00:17.5: BAR 13: no space for [io  size 0x1000]
Jun 13 21:51:21 namenode kernel: [    0.753479] pci 0000:00:17.5: BAR 13: failed to assign [io  size 0x1000]
Jun 13 21:51:21 namenode kernel: [    0.753687] pci 0000:00:17.6: BAR 13: no space for [io  size 0x1000]
Jun 13 21:51:21 namenode kernel: [    0.753890] pci 0000:00:17.6: BAR 13: failed to assign [io  size 0x1000]
Jun 13 21:51:21 namenode kernel: [    0.754119] pci 0000:00:17.7: BAR 13: no space for [io  size 0x1000]
Jun 13 21:51:21 namenode kernel: [    0.754321] pci 0000:00:17.7: BAR 13: failed to assign [io  size 0x1000]
Jun 13 21:51:21 namenode kernel: [    0.754530] pci 0000:00:18.2: BAR 13: no space for [io  size 0x1000]
Jun 13 21:51:21 namenode kernel: [    0.754732] pci 0000:00:18.2: BAR 13: failed to assign [io  size 0x1000]
Jun 13 21:51:21 namenode kernel: [    0.754940] pci 0000:00:18.3: BAR 13: no space for [io  size 0x1000]
Jun 13 21:51:21 namenode kernel: [    0.755159] pci 0000:00:18.3: BAR 13: failed to assign [io  size 0x1000]
Jun 13 21:51:21 namenode kernel: [    0.755377] pci 0000:00:18.4: BAR 13: no space for [io  size 0x1000]
Jun 13 21:51:21 namenode kernel: [    0.755579] pci 0000:00:18.4: BAR 13: failed to assign [io  size 0x1000]
Jun 13 21:51:21 namenode kernel: [    0.755787] pci 0000:00:18.5: BAR 13: no space for [io  size 0x1000]
Jun 13 21:51:21 namenode kernel: [    0.756006] pci 0000:00:18.5: BAR 13: failed to assign [io  size 0x1000]
Jun 13 21:51:21 namenode kernel: [    0.756217] pci 0000:00:18.6: BAR 13: no space for [io  size 0x1000]
Jun 13 21:51:21 namenode kernel: [    0.756419] pci 0000:00:18.6: BAR 13: failed to assign [io  size 0x1000]
Jun 13 21:51:21 namenode kernel: [    0.756627] pci 0000:00:18.7: BAR 13: no space for [io  size 0x1000]
Jun 13 21:51:21 namenode kernel: [    0.756829] pci 0000:00:18.7: BAR 13: failed to assign [io  size 0x1000]
Jun 13 21:51:21 namenode kernel: [    0.757081] pci 0000:00:18.7: BAR 13: no space for [io  size 0x1000]
Jun 13 21:51:21 namenode kernel: [    0.757284] pci 0000:00:18.7: BAR 13: failed to assign [io  size 0x1000]
Jun 13 21:51:21 namenode kernel: [    0.757493] pci 0000:00:18.6: BAR 13: no space for [io  size 0x1000]
Jun 13 21:51:21 namenode kernel: [    0.757694] pci 0000:00:18.6: BAR 13: failed to assign [io  size 0x1000]
Jun 13 21:51:21 namenode kernel: [    0.757902] pci 0000:00:18.5: BAR 13: no space for [io  size 0x1000]
Jun 13 21:51:21 namenode kernel: [    0.758141] pci 0000:00:18.5: BAR 13: failed to assign [io  size 0x1000]
Jun 13 21:51:21 namenode kernel: [    0.758352] pci 0000:00:18.4: BAR 13: no space for [io  size 0x1000]
Jun 13 21:51:21 namenode kernel: [    0.758555] pci 0000:00:18.4: BAR 13: failed to assign [io  size 0x1000]
Jun 13 21:51:21 namenode kernel: [    0.758764] pci 0000:00:18.3: BAR 13: no space for [io  size 0x1000]
Jun 13 21:51:21 namenode kernel: [    0.758968] pci 0000:00:18.3: BAR 13: failed to assign [io  size 0x1000]
Jun 13 21:51:21 namenode kernel: [    0.759199] pci 0000:00:18.2: BAR 13: no space for [io  size 0x1000]
Jun 13 21:51:21 namenode kernel: [    0.759416] pci 0000:00:18.2: BAR 13: failed to assign [io  size 0x1000]
Jun 13 21:51:21 namenode kernel: [    0.759639] pci 0000:00:17.7: BAR 13: no space for [io  size 0x1000]
Jun 13 21:51:21 namenode kernel: [    0.759844] pci 0000:00:17.7: BAR 13: failed to assign [io  size 0x1000]
Jun 13 21:51:21 namenode kernel: [    0.760079] pci 0000:00:17.6: BAR 13: no space for [io  size 0x1000]
Jun 13 21:51:21 namenode kernel: [    0.760282] pci 0000:00:17.6: BAR 13: failed to assign [io  size 0x1000]
Jun 13 21:51:21 namenode kernel: [    0.760495] pci 0000:00:17.5: BAR 13: no space for [io  size 0x1000]
Jun 13 21:51:21 namenode kernel: [    0.760697] pci 0000:00:17.5: BAR 13: failed to assign [io  size 0x1000]
Jun 13 21:51:21 namenode kernel: [    0.760905] pci 0000:00:17.4: BAR 13: no space for [io  size 0x1000]
Jun 13 21:51:21 namenode kernel: [    0.761204] pci 0000:00:17.4: BAR 13: failed to assign [io  size 0x1000]
Jun 13 21:51:21 namenode kernel: [    0.761415] pci 0000:00:17.3: BAR 13: no space for [io  size 0x1000]
Jun 13 21:51:21 namenode kernel: [    0.761618] pci 0000:00:17.3: BAR 13: failed to assign [io  size 0x1000]
Jun 13 21:51:21 namenode kernel: [    0.761827] pci 0000:00:16.7: BAR 13: no space for [io  size 0x1000]
Jun 13 21:51:21 namenode kernel: [    0.762049] pci 0000:00:16.7: BAR 13: failed to assign [io  size 0x1000]
Jun 13 21:51:21 namenode kernel: [    0.762258] pci 0000:00:16.6: BAR 13: no space for [io  size 0x1000]
Jun 13 21:51:21 namenode kernel: [    0.762460] pci 0000:00:16.6: BAR 13: failed to assign [io  size 0x1000]
Jun 13 21:51:21 namenode kernel: [    0.762668] pci 0000:00:16.5: BAR 13: no space for [io  size 0x1000]
Jun 13 21:51:21 namenode kernel: [    0.762870] pci 0000:00:16.5: BAR 13: failed to assign [io  size 0x1000]
Jun 13 21:51:21 namenode kernel: [    0.763096] pci 0000:00:16.4: BAR 13: no space for [io  size 0x1000]
Jun 13 21:51:21 namenode kernel: [    0.763298] pci 0000:00:16.4: BAR 13: failed to assign [io  size 0x1000]
Jun 13 21:51:21 namenode kernel: [    0.763506] pci 0000:00:16.3: BAR 13: no space for [io  size 0x1000]
Jun 13 21:51:21 namenode kernel: [    0.763708] pci 0000:00:16.3: BAR 13: failed to assign [io  size 0x1000]
Jun 13 21:51:21 namenode kernel: [    0.763916] pci 0000:00:15.7: BAR 13: no space for [io  size 0x1000]
Jun 13 21:51:21 namenode kernel: [    0.764135] pci 0000:00:15.7: BAR 13: failed to assign [io  size 0x1000]
Jun 13 21:51:21 namenode kernel: [    0.764344] pci 0000:00:15.6: BAR 13: no space for [io  size 0x1000]
Jun 13 21:51:21 namenode kernel: [    0.764545] pci 0000:00:15.6: BAR 13: failed to assign [io  size 0x1000]
Jun 13 21:51:21 namenode kernel: [    0.764754] pci 0000:00:15.5: BAR 13: no space for [io  size 0x1000]
Jun 13 21:51:21 namenode kernel: [    0.764956] pci 0000:00:15.5: BAR 13: failed to assign [io  size 0x1000]
Jun 13 21:51:21 namenode kernel: [    0.765202] pci 0000:00:15.4: BAR 13: no space for [io  size 0x1000]
Jun 13 21:51:21 namenode kernel: [    0.765405] pci 0000:00:15.4: BAR 13: failed to assign [io  size 0x1000]
Jun 13 21:51:21 namenode kernel: [    0.765614] pci 0000:00:15.3: BAR 13: no space for [io  size 0x1000]
Jun 13 21:51:21 namenode kernel: [    0.765815] pci 0000:00:15.3: BAR 13: failed to assign [io  size 0x1000]
Jun 13 21:51:21 namenode kernel: [    0.766043] pci 0000:00:01.0: PCI bridge to [bus 01]
Jun 13 21:51:21 namenode kernel: [    0.766401] pci 0000:02:01.0: BAR 6: assigned [mem 0xfd500000-0xfd50ffff pref]
Jun 13 21:51:21 namenode kernel: [    0.766699] pci 0000:02:05.0: BAR 6: assigned [mem 0xfd510000-0xfd51ffff pref]
Jun 13 21:51:21 namenode kernel: [    0.767009] pci 0000:00:11.0: PCI bridge to [bus 02]
Jun 13 21:51:21 namenode kernel: [    0.767216] pci 0000:00:11.0:   bridge window [io  0x2000-0x3fff]
Jun 13 21:51:21 namenode kernel: [    0.767471] pci 0000:00:11.0:   bridge window [mem 0xfd500000-0xfdffffff]
Jun 13 21:51:21 namenode kernel: [    0.767716] pci 0000:00:11.0:   bridge window [mem 0xe7b00000-0xe7ffffff 64bit pref]
Jun 13 21:51:21 namenode kernel: [    0.768105] pci 0000:00:15.0: PCI bridge to [bus 03]
Jun 13 21:51:21 namenode kernel: [    0.768310] pci 0000:00:15.0:   bridge window [io  0x4000-0x4fff]
Jun 13 21:51:21 namenode kernel: [    0.768583] pci 0000:00:15.0:   bridge window [mem 0xfd400000-0xfd4fffff]
Jun 13 21:51:21 namenode kernel: [    0.768830] pci 0000:00:15.0:   bridge window [mem 0xe7a00000-0xe7afffff 64bit pref]
Jun 13 21:51:21 namenode kernel: [    0.769295] pci 0000:00:15.1: PCI bridge to [bus 04]
Jun 13 21:51:21 namenode kernel: [    0.769504] pci 0000:00:15.1:   bridge window [io  0x8000-0x8fff]
Jun 13 21:51:21 namenode kernel: [    0.769758] pci 0000:00:15.1:   bridge window [mem 0xfd000000-0xfd0fffff]
Jun 13 21:51:21 namenode kernel: [    0.770017] pci 0000:00:15.1:   bridge window [mem 0xe7600000-0xe76fffff 64bit pref]
Jun 13 21:51:21 namenode kernel: [    0.770419] pci 0000:00:15.2: PCI bridge to [bus 05]
Jun 13 21:51:21 namenode kernel: [    0.770628] pci 0000:00:15.2:   bridge window [io  0xc000-0xcfff]
Jun 13 21:51:21 namenode kernel: [    0.770882] pci 0000:00:15.2:   bridge window [mem 0xfcc00000-0xfccfffff]
Jun 13 21:51:21 namenode kernel: [    0.771184] pci 0000:00:15.2:   bridge window [mem 0xe7200000-0xe72fffff 64bit pref]
Jun 13 21:51:21 namenode kernel: [    0.771667] pci 0000:00:15.3: PCI bridge to [bus 06]
Jun 13 21:51:21 namenode kernel: [    0.771914] pci 0000:00:15.3:   bridge window [mem 0xfc800000-0xfc8fffff]
Jun 13 21:51:21 namenode kernel: [    0.772189] pci 0000:00:15.3:   bridge window [mem 0xe6e00000-0xe6efffff 64bit pref]
Jun 13 21:51:21 namenode kernel: [    0.772623] pci 0000:00:15.4: PCI bridge to [bus 07]
Jun 13 21:51:21 namenode kernel: [    0.772872] pci 0000:00:15.4:   bridge window [mem 0xfc400000-0xfc4fffff]
Jun 13 21:51:21 namenode kernel: [    0.773144] pci 0000:00:15.4:   bridge window [mem 0xe6a00000-0xe6afffff 64bit pref]
Jun 13 21:51:21 namenode kernel: [    0.773557] pci 0000:00:15.5: PCI bridge to [bus 08]
Jun 13 21:51:21 namenode kernel: [    0.773800] pci 0000:00:15.5:   bridge window [mem 0xfc000000-0xfc0fffff]
Jun 13 21:51:21 namenode kernel: [    0.774062] pci 0000:00:15.5:   bridge window [mem 0xe6600000-0xe66fffff 64bit pref]
Jun 13 21:51:21 namenode kernel: [    0.774461] pci 0000:00:15.6: PCI bridge to [bus 09]
Jun 13 21:51:21 namenode kernel: [    0.774704] pci 0000:00:15.6:   bridge window [mem 0xfbc00000-0xfbcfffff]
Jun 13 21:51:21 namenode kernel: [    0.774950] pci 0000:00:15.6:   bridge window [mem 0xe6200000-0xe62fffff 64bit pref]
Jun 13 21:51:21 namenode kernel: [    0.775366] pci 0000:00:15.7: PCI bridge to [bus 0a]
Jun 13 21:51:21 namenode kernel: [    0.775608] pci 0000:00:15.7:   bridge window [mem 0xfb800000-0xfb8fffff]
Jun 13 21:51:21 namenode kernel: [    0.775853] pci 0000:00:15.7:   bridge window [mem 0xe5e00000-0xe5efffff 64bit pref]
Jun 13 21:51:21 namenode kernel: [    0.776271] pci 0000:00:16.0: PCI bridge to [bus 0b]
Jun 13 21:51:21 namenode kernel: [    0.776481] pci 0000:00:16.0:   bridge window [io  0x5000-0x5fff]
Jun 13 21:51:21 namenode kernel: [    0.776766] pci 0000:00:16.0:   bridge window [mem 0xfd300000-0xfd3fffff]
Jun 13 21:51:21 namenode kernel: [    0.777028] pci 0000:00:16.0:   bridge window [mem 0xe7900000-0xe79fffff 64bit pref]
Jun 13 21:51:21 namenode kernel: [    0.777440] pci 0000:00:16.1: PCI bridge to [bus 0c]
Jun 13 21:51:21 namenode kernel: [    0.777649] pci 0000:00:16.1:   bridge window [io  0x9000-0x9fff]
Jun 13 21:51:21 namenode kernel: [    0.777903] pci 0000:00:16.1:   bridge window [mem 0xfcf00000-0xfcffffff]
Jun 13 21:51:21 namenode kernel: [    0.778166] pci 0000:00:16.1:   bridge window [mem 0xe7500000-0xe75fffff 64bit pref]
Jun 13 21:51:21 namenode kernel: [    0.778565] pci 0000:00:16.2: PCI bridge to [bus 0d]
Jun 13 21:51:21 namenode kernel: [    0.778772] pci 0000:00:16.2:   bridge window [io  0xd000-0xdfff]
Jun 13 21:51:21 namenode kernel: [    0.779029] pci 0000:00:16.2:   bridge window [mem 0xfcb00000-0xfcbfffff]
Jun 13 21:51:21 namenode kernel: [    0.779276] pci 0000:00:16.2:   bridge window [mem 0xe7100000-0xe71fffff 64bit pref]
Jun 13 21:51:21 namenode kernel: [    0.779675] pci 0000:00:16.3: PCI bridge to [bus 0e]
Jun 13 21:51:21 namenode kernel: [    0.779918] pci 0000:00:16.3:   bridge window [mem 0xfc700000-0xfc7fffff]
Jun 13 21:51:21 namenode kernel: [    0.780182] pci 0000:00:16.3:   bridge window [mem 0xe6d00000-0xe6dfffff 64bit pref]
Jun 13 21:51:21 namenode kernel: [    0.780601] pci 0000:00:16.4: PCI bridge to [bus 0f]
Jun 13 21:51:21 namenode kernel: [    0.780845] pci 0000:00:16.4:   bridge window [mem 0xfc300000-0xfc3fffff]
Jun 13 21:51:21 namenode kernel: [    0.781110] pci 0000:00:16.4:   bridge window [mem 0xe6900000-0xe69fffff 64bit pref]
Jun 13 21:51:21 namenode kernel: [    0.781509] pci 0000:00:16.5: PCI bridge to [bus 10]
Jun 13 21:51:21 namenode kernel: [    0.781752] pci 0000:00:16.5:   bridge window [mem 0xfbf00000-0xfbffffff]
Jun 13 21:51:21 namenode kernel: [    0.781997] pci 0000:00:16.5:   bridge window [mem 0xe6500000-0xe65fffff 64bit pref]
Jun 13 21:51:21 namenode kernel: [    0.782413] pci 0000:00:16.6: PCI bridge to [bus 11]
Jun 13 21:51:21 namenode kernel: [    0.782655] pci 0000:00:16.6:   bridge window [mem 0xfbb00000-0xfbbfffff]
Jun 13 21:51:21 namenode kernel: [    0.782901] pci 0000:00:16.6:   bridge window [mem 0xe6100000-0xe61fffff 64bit pref]
Jun 13 21:51:21 namenode kernel: [    0.783337] pci 0000:00:16.7: PCI bridge to [bus 12]
Jun 13 21:51:21 namenode kernel: [    0.783580] pci 0000:00:16.7:   bridge window [mem 0xfb700000-0xfb7fffff]
Jun 13 21:51:21 namenode kernel: [    0.783825] pci 0000:00:16.7:   bridge window [mem 0xe5d00000-0xe5dfffff 64bit pref]
Jun 13 21:51:21 namenode kernel: [    0.784241] pci 0000:00:17.0: PCI bridge to [bus 13]
Jun 13 21:51:21 namenode kernel: [    0.784449] pci 0000:00:17.0:   bridge window [io  0x6000-0x6fff]
Jun 13 21:51:21 namenode kernel: [    0.785100] pci 0000:00:17.0:   bridge window [mem 0xfd200000-0xfd2fffff]
Jun 13 21:51:21 namenode kernel: [    0.785347] pci 0000:00:17.0:   bridge window [mem 0xe7800000-0xe78fffff 64bit pref]
Jun 13 21:51:21 namenode kernel: [    0.785746] pci 0000:00:17.1: PCI bridge to [bus 14]
Jun 13 21:51:21 namenode kernel: [    0.785953] pci 0000:00:17.1:   bridge window [io  0xa000-0xafff]
Jun 13 21:51:21 namenode kernel: [    0.786241] pci 0000:00:17.1:   bridge window [mem 0xfce00000-0xfcefffff]
Jun 13 21:51:21 namenode kernel: [    0.786488] pci 0000:00:17.1:   bridge window [mem 0xe7400000-0xe74fffff 64bit pref]
Jun 13 21:51:21 namenode kernel: [    0.786890] pci 0000:00:17.2: PCI bridge to [bus 15]
Jun 13 21:51:21 namenode kernel: [    0.787116] pci 0000:00:17.2:   bridge window [io  0xe000-0xefff]
Jun 13 21:51:21 namenode kernel: [    0.787374] pci 0000:00:17.2:   bridge window [mem 0xfca00000-0xfcafffff]
Jun 13 21:51:21 namenode kernel: [    0.787621] pci 0000:00:17.2:   bridge window [mem 0xe7000000-0xe70fffff 64bit pref]
Jun 13 21:51:21 namenode kernel: [    0.788025] pci 0000:00:17.3: PCI bridge to [bus 16]
Jun 13 21:51:21 namenode kernel: [    0.788283] pci 0000:00:17.3:   bridge window [mem 0xfc600000-0xfc6fffff]
